Component: ARM Compiler 5.06 update 5 (build 528) Tool: armlink [4d35e2]

==============================================================================

Section Cross References

    startup_stm32f407xx.o(RESET) refers to startup_stm32f407xx.o(STACK) for __initial_sp
    startup_stm32f407xx.o(RESET) refers to startup_stm32f407xx.o(.text) for Reset_Handler
    startup_stm32f407xx.o(RESET) refers to stm32f4xx_it.o(i.NMI_Handler) for NMI_Handler
    startup_stm32f407xx.o(RESET) refers to stm32f4xx_it.o(i.MemManage_Handler) for MemManage_Handler
    startup_stm32f407xx.o(RESET) refers to stm32f4xx_it.o(i.BusFault_Handler) for BusFault_Handler
    startup_stm32f407xx.o(RESET) refers to stm32f4xx_it.o(i.UsageFault_Handler) for UsageFault_Handler
    startup_stm32f407xx.o(RESET) refers to stm32f4xx_it.o(i.SVC_Handler) for SVC_Handler
    startup_stm32f407xx.o(RESET) refers to stm32f4xx_it.o(i.DebugMon_Handler) for DebugMon_Handler
    startup_stm32f407xx.o(RESET) refers to stm32f4xx_it.o(i.USART1_IRQHandler) for USART1_IRQHandler
    startup_stm32f407xx.o(.text) refers to system_stm32f4xx.o(i.SystemInit) for SystemInit
    startup_stm32f407xx.o(.text) refers to entry.o(.ARM.Collect$$$$00000000) for __main
    network.o(i.ai_network_create) refers to ai_platform_interface.o(i.ai_platform_network_create) for ai_platform_network_create
    network.o(i.ai_network_create) refers to network.o(.data) for .data
    network.o(i.ai_network_destroy) refers to ai_platform_interface.o(i.ai_platform_network_destroy) for ai_platform_network_destroy
    network.o(i.ai_network_forward) refers to ai_platform_interface.o(i.ai_platform_network_process) for ai_platform_network_process
    network.o(i.ai_network_get_error) refers to ai_platform_interface.o(i.ai_platform_network_get_error) for ai_platform_network_get_error
    network.o(i.ai_network_get_info) refers to ai_platform_interface.o(i.ai_platform_context_acquire) for ai_platform_context_acquire
    network.o(i.ai_network_get_info) refers to memcpya.o(.text) for __aeabi_memcpy4
    network.o(i.ai_network_get_info) refers to ai_platform_interface.o(i.ai_platform_runtime_get_revision) for ai_platform_runtime_get_revision
    network.o(i.ai_network_get_info) refers to ai_platform_interface.o(i.ai_platform_runtime_get_version) for ai_platform_runtime_get_version
    network.o(i.ai_network_get_info) refers to ai_platform_interface.o(i.ai_platform_api_get_version) for ai_platform_api_get_version
    network.o(i.ai_network_get_info) refers to ai_platform_interface.o(i.ai_platform_interface_api_get_version) for ai_platform_interface_api_get_version
    network.o(i.ai_network_get_info) refers to ai_platform_interface.o(i.ai_platform_api_get_network_report) for ai_platform_api_get_network_report
    network.o(i.ai_network_get_info) refers to network.o(.constdata) for .constdata
    network.o(i.ai_network_init) refers to ai_platform_interface.o(i.ai_platform_network_init) for ai_platform_network_init
    network.o(i.ai_network_init) refers to network.o(i.network_configure_weights) for network_configure_weights
    network.o(i.ai_network_init) refers to network.o(i.network_configure_activations) for network_configure_activations
    network.o(i.ai_network_run) refers to ai_platform_interface.o(i.ai_platform_network_process) for ai_platform_network_process
    network.o(i.network_configure_activations) refers to network.o(.data) for .data
    network.o(i.network_configure_weights) refers to network.o(.data) for .data
    network.o(.constdata) refers to network.o(.data) for <Data41>
    network.o(.constdata) refers to network.o(.data) for <Data48>
    network.o(.constdata) refers to network.o(.data) for <Data53>
    network.o(.constdata) refers to network.o(.data) for <Data58>
    network.o(.constdata) refers to network.o(.data) for <Data63>
    network.o(.constdata) refers to network.o(.data) for <Data68>
    network.o(.constdata) refers to network.o(.data) for <Data73>
    network.o(.constdata) refers to network.o(.conststring) for .conststring
    network.o(.data) refers to network.o(.data) for input_0_output
    network.o(.data) refers to network.o(.data) for conv2d_1_output
    network.o(.data) refers to network.o(.data) for conv2d_1_weights
    network.o(.data) refers to network.o(.data) for conv2d_1_bias
    network.o(.data) refers to network.o(.data) for conv2d_1_scratch0
    network.o(.data) refers to network.o(.data) for <Data37>
    network.o(.data) refers to network.o(.data) for <Data38>
    network.o(.data) refers to network.o(.data) for <Data39>
    network.o(.data) refers to network.o(.data) for <Data40>
    network.o(.data) refers to network.o(.data) for conv2d_1_output0
    network.o(.data) refers to network.o(.data) for dense_1_output
    network.o(.data) refers to network.o(.data) for dense_1_weights
    network.o(.data) refers to network.o(.data) for dense_1_bias
    network.o(.data) refers to network.o(.data) for <Data44>
[...]
    EXTI3_IRQHandler                         0x080001b7   Thumb Code     0  startup_stm32f407xx.o(.text)
    EXTI4_IRQHandler                         0x080001b7   Thumb Code     0  startup_stm32f407xx.o(.text)
    EXTI9_5_IRQHandler                       0x080001b7   Thumb Code     0  startup_stm32f407xx.o(.text)
    FLASH_IRQHandler                         0x080001b7   Thumb Code     0  startup_stm32f407xx.o(.text)
    FMC_IRQHandler                           0x080001b7   Thumb Code     0  startup_stm32f407xx.o(.text)
    FPU_IRQHandler                           0x080001b7   Thumb Code     0  startup_stm32f407xx.o(.text)
    HASH_RNG_IRQHandler                      0x080001b7   Thumb Code     0  startup_stm32f407xx.o(.text)
    I2C1_ER_IRQHandler                       0x080001b7   Thumb Code     0  startup_stm32f407xx.o(.text)
    I2C1_EV_IRQHandler                       0x080001b7   Thumb Code     0  startup_stm32f407xx.o(.text)
    I2C2_ER_IRQHandler                       0x080001b7   Thumb Code     0  startup_stm32f407xx.o(.text)
    I2C2_EV_IRQHandler                       0x080001b7   Thumb Code     0  startup_stm32f407xx.o(.text)
    I2C3_ER_IRQHandler                       0x080001b7   Thumb Code     0  startup_stm32f407xx.o(.text)
    I2C3_EV_IRQHandler                       0x080001b7   Thumb Code     0  startup_stm32f407xx.o(.text)
    OTG_FS_IRQHandler                        0x080001b7   Thumb Code     0  startup_stm32f407xx.o(.text)
    OTG_FS_WKUP_IRQHandler                   0x080001b7   Thumb Code     0  startup_stm32f407xx.o(.text)
    OTG_HS_EP1_IN_IRQHandler                 0x080001b7   Thumb Code     0  startup_stm32f407xx.o(.text)
    OTG_HS_EP1_OUT_IRQHandler                0x080001b7   Thumb Code     0  startup_stm32f407xx.o(.text)
    OTG_HS_IRQHandler                        0x080001b7   Thumb Code     0  startup_stm32f407xx.o(.text)
    OTG_HS_WKUP_IRQHandler                   0x080001b7   Thumb Code     0  startup_stm32f407xx.o(.text)
    PVD_IRQHandler                           0x080001b7   Thumb Code     0  startup_stm32f407xx.o(.text)
    RCC_IRQHandler                           0x080001b7   Thumb Code     0  startup_stm32f407xx.o(.text)
    RTC_Alarm_IRQHandler                     0x080001b7   Thumb Code     0  startup_stm32f407xx.o(.text)
    RTC_WKUP_IRQHandler                      0x080001b7   Thumb Code     0  startup_stm32f407xx.o(.text)
    SDIO_IRQHandler                          0x080001b7   Thumb Code     0  startup_stm32f407xx.o(.text)
    SPI1_IRQHandler                          0x080001b7   Thumb Code     0  startup_stm32f407xx.o(.text)
    SPI2_IRQHandler                          0x080001b7   Thumb Code     0  startup_stm32f407xx.o(.text)
    SPI3_IRQHandler                          0x080001b7   Thumb Code     0  startup_stm32f407xx.o(.text)
    TAMP_STAMP_IRQHandler                    0x080001b7   Thumb Code     0  startup_stm32f407xx.o(.text)
    TIM1_BRK_TIM9_IRQHandler                 0x080001b7   Thumb Code     0  startup_stm32f407xx.o(.text)
    TIM1_CC_IRQHandler                       0x080001b7   Thumb Code     0  startup_stm32f407xx.o(.text)
    TIM1_TRG_COM_TIM11_IRQHandler            0x080001b7   Thumb Code     0  startup_stm32f407xx.o(.text)
    TIM1_UP_TIM10_IRQHandler                 0x080001b7   Thumb Code     0  startup_stm32f407xx.o(.text)
    TIM2_IRQHandler                          0x080001b7   Thumb Code     0  startup_stm32f407xx.o(.text)
    TIM3_IRQHandler                          0x080001b7   Thumb Code     0  startup_stm32f407xx.o(.text)
    TIM4_IRQHandler                          0x080001b7   Thumb Code     0  startup_stm32f407xx.o(.text)
    TIM5_IRQHandler                          0x080001b7   Thumb Code     0  startup_stm32f407xx.o(.text)
    TIM6_DAC_IRQHandler                      0x080001b7   Thumb Code     0  startup_stm32f407xx.o(.text)
    TIM7_IRQHandler                          0x080001b7   Thumb Code     0  startup_stm32f407xx.o(.text)
    TIM8_BRK_TIM12_IRQHandler                0x080001b7   Thumb Code     0  startup_stm32f407xx.o(.text)
    TIM8_CC_IRQHandler                       0x080001b7   Thumb Code     0  startup_stm32f407xx.o(.text)
    TIM8_TRG_COM_TIM14_IRQHandler            0x080001b7   Thumb Code     0  startup_stm32f407xx.o(.text)
    TIM8_UP_TIM13_IRQHandler                 0x080001b7   Thumb Code     0  startup_stm32f407xx.o(.text)
    UART4_IRQHandler                         0x080001b7   Thumb Code     0  startup_stm32f407xx.o(.text)
    UART5_IRQHandler                         0x080001b7   Thumb Code     0  startup_stm32f407xx.o(.text)
    USART2_IRQHandler                        0x080001b7   Thumb Code     0  startup_stm32f407xx.o(.text)
    USART3_IRQHandler                        0x080001b7   Thumb Code     0  startup_stm32f407xx.o(.text)
    USART6_IRQHandler                        0x080001b7   Thumb Code     0  startup_stm32f407xx.o(.text)
    WWDG_IRQHandler                          0x080001b7   Thumb Code     0  startup_stm32f407xx.o(.text)
    __aeabi_uldivmod                         0x080001c1   Thumb Code    98  uldiv.o(.text)
    __aeabi_llsl                             0x08000223   Thumb Code    30  llshl.o(.text)
    _ll_shift_l                              0x08000223   Thumb Code     0  llshl.o(.text)
    __aeabi_memcpy                           0x08000241   Thumb Code    36  memcpya.o(.text)
    __aeabi_memcpy4                          0x08000241   Thumb Code     0  memcpya.o(.text)
    __aeabi_memcpy8                          0x08000241   Thumb Code     0  memcpya.o(.text)
    __aeabi_memset                           0x08000265   Thumb Code    14  memseta.o(.text)
    __aeabi_memset4                          0x08000265   Thumb Code     0  memseta.o(.text)
    __aeabi_memset8                          0x08000265   Thumb Code     0  memseta.o(.text)
    __aeabi_memclr                           0x08000273   Thumb Code     4  memseta.o(.text)
    __aeabi_memclr4                          0x08000273   Thumb Code     0  memseta.o(.text)
    __aeabi_memclr8                          0x08000273   Thumb Code     0  memseta.o(.text)
    _memset$wrapper                          0x08000277   Thumb Code    18  memseta.o(.text)
    strlen                                   0x08000289   Thumb Code    14  strlen.o(.text)
    memcmp                                   0x08000297   Thumb Code    26  memcmp.o(.text)
    strncmp                                  0x080002b1   Thumb Code    30  strncmp.o(.text)
    __aeabi_ul2f                             0x080002cf   Thumb Code    28  ffltul.o(.text)
    __aeabi_f2d                              0x080002eb   Thumb Code    38  f2d.o(.text)
    __aeabi_uidiv                            0x08000311   Thumb Code     0  uidiv.o(.text)
    __aeabi_uidivmod                         0x08000311   Thumb Code    44  uidiv.o(.text)
    __aeabi_llsr                             0x0800033d   Thumb Code    32  llushr.o(.text)
    _ll_ushift_r                             0x0800033d   Thumb Code     0  llushr.o(.text)
    __I$use$fp                               0x0800035d   Thumb Code     0  iusefp.o(.text)
    _float_round                             0x0800035d   Thumb Code    18  fepilogue.o(.text)
    _float_epilogue                          0x0800036f   Thumb Code    92  fepilogue.o(.text)
    __aeabi_dadd                             0x080003cb   Thumb Code   322  dadd.o(.text)
    __aeabi_dsub                             0x0800050d   Thumb Code     6  dadd.o(.text)
    __aeabi_drsub                            0x08000513   Thumb Code     6  dadd.o(.text)
    __aeabi_dmul                             0x08000519   Thumb Code   228  dmul.o(.text)
    __aeabi_ddiv                             0x080005fd   Thumb Code   222  ddiv.o(.text)
    __aeabi_d2ulz                            0x080006db   Thumb Code    48  dfixul.o(.text)
    __aeabi_cdrcmple                         0x0800070d   Thumb Code    48  cdrcmple.o(.text)
    __scatterload                            0x0800073d   Thumb Code    28  init.o(.text)
    __scatterload_rt2                        0x0800073d   Thumb Code     0  init.o(.text)
    __aeabi_lasr                             0x08000761   Thumb Code    36  llsshr.o(.text)
    _ll_sshift_r                             0x08000761   Thumb Code     0  llsshr.o(.text)
    _double_round                            0x08000785   Thumb Code    30  depilogue.o(.text)
    _double_epilogue                         0x080007a3   Thumb Code   156  depilogue.o(.text)
    __decompress                             0x0800083f   Thumb Code     0  __dczerorl2.o(.text)
    __decompress1                            0x0800083f   Thumb Code    86  __dczerorl2.o(.text)
    BusFault_Handler                         0x08000895   Thumb Code     2  stm32f4xx_it.o(i.BusFault_Handler)
    DebugMon_Handler                         0x080008d1   Thumb Code     2  stm32f4xx_it.o(i.DebugMon_Handler)
    Error_Handler                            0x080008d3   Thumb Code     2  main.o(i.Error_Handler)
    HAL_CRC_Init                             0x080008d5   Thumb Code    34  stm32f4xx_hal_crc.o(i.HAL_CRC_Init)
    HAL_CRC_MspInit                          0x080008f9   Thumb Code    30  crc.o(i.HAL_CRC_MspInit)
    HAL_DMA_Abort_IT                         0x08000921   Thumb Code    36  stm32f4xx_hal_dma.o(i.HAL_DMA_Abort_IT)
    HAL_Delay                                0x08000945   Thumb Code    32  stm32f4xx_hal.o(i.HAL_Delay)
    HAL_GPIO_Init                            0x08000969   Thumb Code   394  stm32f4xx_hal_gpio.o(i.HAL_GPIO_Init)
    HAL_GPIO_WritePin                        0x08000b21   Thumb Code    10  stm32f4xx_hal_gpio.o(i.HAL_GPIO_WritePin)
    HAL_GetDEVID                             0x08000b2d   Thumb Code    10  stm32f4xx_hal.o(i.HAL_GetDEVID)
    HAL_GetHalVersion                        0x08000b3d   Thumb Code     4  stm32f4xx_hal.o(i.HAL_GetHalVersion)
    HAL_GetREVID                             0x08000b45   Thumb Code     8  stm32f4xx_hal.o(i.HAL_GetREVID)
    HAL_GetTick                              0x08000b51   Thumb Code     6  stm32f4xx_hal.o(i.HAL_GetTick)
    HAL_Init                                 0x08000b5d   Thumb Code    48  stm32f4xx_hal.o(i.HAL_Init)
    HAL_InitTick                             0x08000b91   Thumb Code    54  stm32f4xx_hal.o(i.HAL_InitTick)
    HAL_MspInit                              0x08000bd1   Thumb Code    42  stm32f4xx_hal_msp.o(i.HAL_MspInit)
    HAL_NVIC_EnableIRQ                       0x08000c01   Thumb Code    26  stm32f4xx_hal_cortex.o(i.HAL_NVIC_EnableIRQ)
    HAL_NVIC_SetPriority                     0x08000c1d   Thumb Code    60  stm32f4xx_hal_cortex.o(i.HAL_NVIC_SetPriority)
    HAL_NVIC_SetPriorityGrouping             0x08000c5d   Thumb Code    26  stm32f4xx_hal_cortex.o(i.HAL_NVIC_SetPriorityGrouping)
    HAL_RCC_ClockConfig                      0x08000c81   Thumb Code   288  stm32f4xx_hal_rcc.o(i.HAL_RCC_ClockConfig)
    HAL_RCC_GetHCLKFreq                      0x08000db5   Thumb Code     6  stm32f4xx_hal_rcc.o(i.HAL_RCC_GetHCLKFreq)
    HAL_RCC_GetPCLK1Freq                     0x08000dc1   Thumb Code    20  stm32f4xx_hal_rcc.o(i.HAL_RCC_GetPCLK1Freq)
    HAL_RCC_GetPCLK2Freq                     0x08000de1   Thumb Code    20  stm32f4xx_hal_rcc.o(i.HAL_RCC_GetPCLK2Freq)
    HAL_RCC_GetSysClockFreq                  0x08000e01   Thumb Code    88  stm32f4xx_hal_rcc.o(i.HAL_RCC_GetSysClockFreq)
    HAL_RCC_OscConfig                        0x08000e61   Thumb Code   834  stm32f4xx_hal_rcc.o(i.HAL_RCC_OscConfig)
    HAL_SYSTICK_Config                       0x080011bd   Thumb Code    40  stm32f4xx_hal_cortex.o(i.HAL_SYSTICK_Config)
    HAL_UART_ErrorCallback                   0x080011e5   Thumb Code     2  stm32f4xx_hal_uart.o(i.HAL_UART_ErrorCallback)
    HAL_UART_IRQHandler                      0x080011e9   Thumb Code   270  stm32f4xx_hal_uart.o(i.HAL_UART_IRQHandler)
    HAL_UART_Init                            0x080012fd   Thumb Code    98  stm32f4xx_hal_uart.o(i.HAL_UART_Init)
    HAL_UART_MspInit                         0x08001361   Thumb Code   110  usart.o(i.HAL_UART_MspInit)
    HAL_UART_Receive                         0x080013dd   Thumb Code   190  stm32f4xx_hal_uart.o(i.HAL_UART_Receive)
    HAL_UART_RxCpltCallback                  0x0800149b   Thumb Code     2  stm32f4xx_hal_uart.o(i.HAL_UART_RxCpltCallback)
    HAL_UART_Transmit                        0x0800149d   Thumb Code   186  stm32f4xx_hal_uart.o(i.HAL_UART_Transmit)
    HAL_UART_TxCpltCallback                  0x08001557   Thumb Code     2  stm32f4xx_hal_uart.o(i.HAL_UART_TxCpltCallback)
    MX_CRC_Init                              0x08001559   Thumb Code    28  crc.o(i.MX_CRC_Init)
    MX_GPIO_Init                             0x0800157d   Thumb Code   102  gpio.o(i.MX_GPIO_Init)
    MX_USART1_UART_Init                      0x080015ed   Thumb Code    46  usart.o(i.MX_USART1_UART_Init)
    MX_X_CUBE_AI_Init                        0x08001629   Thumb Code     4  app_x-cube-ai.o(i.MX_X_CUBE_AI_Init)
    MX_X_CUBE_AI_Process                     0x0800162d   Thumb Code     4  app_x-cube-ai.o(i.MX_X_CUBE_AI_Process)
    MemManage_Handler                        0x08001631   Thumb Code     2  stm32f4xx_it.o(i.MemManage_Handler)
    NMI_Handler                              0x08001633   Thumb Code     2  stm32f4xx_it.o(i.NMI_Handler)
    SVC_Handler                              0x08001635   Thumb Code     2  stm32f4xx_it.o(i.SVC_Handler)
    SystemClock_Config                       0x08001639   Thumb Code   124  main.o(i.SystemClock_Config)
    SystemInit                               0x080016bd   Thumb Code    66  system_stm32f4xx.o(i.SystemInit)
    USART1_IRQHandler                        0x080019c5   Thumb Code     6  stm32f4xx_it.o(i.USART1_IRQHandler)
    UsageFault_Handler                       0x080019d1   Thumb Code     2  stm32f4xx_it.o(i.UsageFault_Handler)
    __0printf                                0x080019d5   Thumb Code    22  printfa.o(i.__0printf)
    __1printf                                0x080019d5   Thumb Code     0  printfa.o(i.__0printf)
    __2printf                                0x080019d5   Thumb Code     0  printfa.o(i.__0printf)
    __c89printf                              0x080019d5   Thumb Code     0  printfa.o(i.__0printf)
    printf                                   0x080019d5   Thumb Code     0  printfa.o(i.__0printf)
    __ARM_fpclassifyf                        0x080019f5   Thumb Code    38  fpclassifyf.o(i.__ARM_fpclassifyf)
    free                                     0x08001a3d   Thumb Code    88  mallocr.o(i.__free$realloc)
    __hardfp_expf                            0x08001a99   Thumb Code   426  expf.o(i.__hardfp_expf)
    __mathlib_expf                           0x08001a99   Thumb Code     0  expf.o(i.__hardfp_expf)
    malloc                                   0x08001c81   Thumb Code    64  mallocr.o(i.__malloc$realloc)
    __mathlib_flt_infnan                     0x08001cd1   Thumb Code     6  funder.o(i.__mathlib_flt_infnan)
    __mathlib_flt_overflow                   0x08001cd9   Thumb Code    10  funder.o(i.__mathlib_flt_overflow)
    __mathlib_flt_underflow                  0x08001ce9   Thumb Code    10  funder.o(i.__mathlib_flt_underflow)
    __scatterload_copy                       0x08001cf9   Thumb Code    14  handlers.o(i.__scatterload_copy)
    __scatterload_null                       0x08001d07   Thumb Code     2  handlers.o(i.__scatterload_null)
    __scatterload_zeroinit                   0x08001d09   Thumb Code    14  handlers.o(i.__scatterload_zeroinit)
    __set_errno                              0x08001d19   Thumb Code     6  errno.o(i.__set_errno)
    _core_inspect_forward_validate           0x08001ddd   Thumb Code   874  core_net_inspect.o(i._core_inspect_forward_validate)
    aiBufferSize                             0x0800332d   Thumb Code    12  aitestutility.o(i.aiBufferSize)
    aiLogErr                                 0x08003541   Thumb Code    24  aitestutility.o(i.aiLogErr)
    aiPbAiBufferSize                         0x0800362f   Thumb Code    22  aipbmgr.o(i.aiPbAiBufferSize)
    aiPbCmdNNInfo                            0x08003725   Thumb Code    52  aivalidation.o(i.aiPbCmdNNInfo)
    aiPbCmdNNRun                             0x08003759   Thumb Code   462  aivalidation.o(i.aiPbCmdNNRun)
    aiPbCmdSync                              0x0800393d   Thumb Code    28  aipbmgr.o(i.aiPbCmdSync)
    aiPbCmdSysInfo                           0x08003959   Thumb Code    48  aipbmgr.o(i.aiPbCmdSysInfo)
    aiPbMgrInit                              0x08003989   Thumb Code    80  aipbmgr.o(i.aiPbMgrInit)
    aiPbMgrReceiveAiBuffer3                  0x080039dd   Thumb Code   114  aipbmgr.o(i.aiPbMgrReceiveAiBuffer3)
    aiPbMgrSendAck                           0x08003a5d   Thumb Code    18  aipbmgr.o(i.aiPbMgrSendAck)
    aiPbMgrSendAiBuffer3                     0x08003a71   Thumb Code   128  aipbmgr.o(i.aiPbMgrSendAiBuffer3)
    aiPbMgrSendNNInfo                        0x08003af5   Thumb Code   226  aipbmgr.o(i.aiPbMgrSendNNInfo)
    aiPbMgrSendResp                          0x08003be1   Thumb Code    26  aipbmgr.o(i.aiPbMgrSendResp)
    aiPbMgrWaitAck                           0x08003c75   Thumb Code    28  aipbmgr.o(i.aiPbMgrWaitAck)
    aiPbMgrWaitAndProcess                    0x08003c99   Thumb Code   106  aipbmgr.o(i.aiPbMgrWaitAndProcess)
    aiPbStrCopy                              0x08003d11   Thumb Code    60  aipbmgr.o(i.aiPbStrCopy)
    aiPbVersionToUint32                      0x08003d59   Thumb Code    18  aipbmgr.o(i.aiPbVersionToUint32)
    aiPrintNetworkInfo                       0x08003eed   Thumb Code   204  aitestutility.o(i.aiPrintNetworkInfo)
    aiTestHeader                             0x08004161   Thumb Code    44  aitestutility.o(i.aiTestHeader)
    aiValidationInit                         0x080041cd   Thumb Code    34  aivalidation.o(i.aiValidationInit)
    aiValidationProcess                      0x08004205   Thumb Code    98  aivalidation.o(i.aiValidationProcess)
    ai_array_get_byte_size                   0x08004359   Thumb Code    62  ai_datatypes_format.o(i.ai_array_get_byte_size)
    ai_array_to_buffer_fmt                   0x08004399   Thumb Code   198  ai_datatypes_format.o(i.ai_array_to_buffer_fmt)
    ai_check_custom_types                    0x08004481   Thumb Code    38  layers.o(i.ai_check_custom_types)
    ai_dict4_dot_array_f32                   0x0800496d   Thumb Code   294  layers_conv2d_generic_float.o(i.ai_dict4_dot_array_f32)
    ai_dict8_dot_array_f32                   0x08004a99   Thumb Code   228  layers_conv2d_generic_float.o(i.ai_dict8_dot_array_f32)
    ai_dict_decompress_f32                   0x08004b81   Thumb Code   122  layers_conv2d_generic_float.o(i.ai_dict_decompress_f32)
    ai_inspector_bind_network                0x08004c0d   Thumb Code   116  ai_network_inspector.o(i.ai_inspector_bind_network)
    ai_inspector_create                      0x08004c81   Thumb Code    96  ai_network_inspector.o(i.ai_inspector_create)
    ai_inspector_default_config              0x08004ce5   Thumb Code    20  ai_network_inspector.o(i.ai_inspector_default_config)
    ai_inspector_destroy                     0x08004cf9   Thumb Code    46  ai_network_inspector.o(i.ai_inspector_destroy)
    ai_inspector_get_report                  0x08004d27   Thumb Code    42  ai_network_inspector.o(i.ai_inspector_get_report)
    ai_inspector_unbind_network              0x08004d51   Thumb Code    44  ai_network_inspector.o(i.ai_inspector_unbind_network)
    ai_layer_type_is_valid                   0x08004d7d   Thumb Code    50  layers.o(i.ai_layer_type_is_valid)
    ai_layer_type_name                       0x08004db1   Thumb Code   162  layers.o(i.ai_layer_type_name)
    ai_layers_forward_all                    0x08004f3d   Thumb Code    24  layers.o(i.ai_layers_forward_all)
    ai_mnetwork_create                       0x08004f55   Thumb Code    88  app_x-cube-ai.o(i.ai_mnetwork_create)
    ai_mnetwork_destroy                      0x08004fb1   Thumb Code    42  app_x-cube-ai.o(i.ai_mnetwork_destroy)
    ai_mnetwork_find                         0x08004fe1   Thumb Code    24  app_x-cube-ai.o(i.ai_mnetwork_find)
    ai_mnetwork_get_error                    0x08004ffd   Thumb Code    40  app_x-cube-ai.o(i.ai_mnetwork_get_error)
    ai_mnetwork_get_ext_data_activations     0x08005025   Thumb Code    38  app_x-cube-ai.o(i.ai_mnetwork_get_ext_data_activations)
    ai_mnetwork_get_info                     0x0800504b   Thumb Code    28  app_x-cube-ai.o(i.ai_mnetwork_get_info)
    ai_mnetwork_get_private_handle           0x08005067   Thumb Code    42  app_x-cube-ai.o(i.ai_mnetwork_get_private_handle)
    ai_mnetwork_init                         0x080050ad   Thumb Code    90  app_x-cube-ai.o(i.ai_mnetwork_init)
    ai_mnetwork_run                          0x0800513b   Thumb Code    34  app_x-cube-ai.o(i.ai_mnetwork_run)
    ai_network_create                        0x0800515d   Thumb Code    20  network.o(i.ai_network_create)
    ai_network_data_weights_get              0x08005175   Thumb Code     4  network_data.o(i.ai_network_data_weights_get)
    ai_network_destroy                       0x0800517d   Thumb Code     4  network.o(i.ai_network_destroy)
    ai_network_forward                       0x08005181   Thumb Code     6  network.o(i.ai_network_forward)
    ai_network_get_error                     0x08005187   Thumb Code     4  network.o(i.ai_network_get_error)
    ai_network_get_info                      0x0800518d   Thumb Code    82  network.o(i.ai_network_get_info)
    ai_network_init                          0x080051e5   Thumb Code    34  network.o(i.ai_network_init)
    ai_network_inspect_destroy               0x08005209   Thumb Code   106  core_net_inspect.o(i.ai_network_inspect_destroy)
    ai_network_inspect_get_report            0x08005279   Thumb Code    40  core_net_inspect.o(i.ai_network_inspect_get_report)
    ai_network_inspect_init                  0x080052a1   Thumb Code   134  core_net_inspect.o(i.ai_network_inspect_init)
    ai_network_run                           0x0800532d   Thumb Code     4  network.o(i.ai_network_run)
    ai_platform_api_get_network_report       0x08005331   Thumb Code   182  ai_platform_interface.o(i.ai_platform_api_get_network_report)
    ai_platform_api_get_version              0x080053ed   Thumb Code    14  ai_platform_interface.o(i.ai_platform_api_get_version)
    ai_platform_context_acquire              0x08005401   Thumb Code    24  ai_platform_interface.o(i.ai_platform_context_acquire)
    ai_platform_context_release              0x0800541d   Thumb Code     6  ai_platform_interface.o(i.ai_platform_context_release)
    ai_platform_interface_api_get_version    0x08005429   Thumb Code    14  ai_platform_interface.o(i.ai_platform_interface_api_get_version)
    ai_platform_network_create               0x0800543d   Thumb Code    96  ai_platform_interface.o(i.ai_platform_network_create)
    ai_platform_network_destroy              0x080054ad   Thumb Code    18  ai_platform_interface.o(i.ai_platform_network_destroy)
    ai_platform_network_get_error            0x080054c1   Thumb Code    24  ai_platform_interface.o(i.ai_platform_network_get_error)
    ai_platform_network_init                 0x080054dd   Thumb Code   126  ai_platform_interface.o(i.ai_platform_network_init)
    ai_platform_network_process              0x0800555b   Thumb Code    86  ai_platform_interface.o(i.ai_platform_network_process)
    ai_platform_network_set_error            0x080055b1   Thumb Code    12  ai_platform_interface.o(i.ai_platform_network_set_error)
    ai_platform_runtime_get_revision         0x080055bd   Thumb Code    10  ai_platform_interface.o(i.ai_platform_runtime_get_revision)
    ai_platform_runtime_get_version          0x080055cd   Thumb Code    14  ai_platform_interface.o(i.ai_platform_runtime_get_version)
    core_get_error                           0x08005617   Thumb Code    12  core_common.o(i.core_get_error)
    core_init                                0x08005623   Thumb Code     4  core_common.o(i.core_init)
    core_mem_alloc                           0x08005627   Thumb Code    22  core_mem_manager.o(i.core_mem_alloc)
    core_mem_free                            0x0800563d   Thumb Code    10  core_mem_manager.o(i.core_mem_free)
    core_set_error                           0x0800569d   Thumb Code    26  core_common.o(i.core_set_error)
    core_timer_init                          0x080056b9   Thumb Code    42  core_benchmark.o(i.core_timer_init)
    core_timer_init_                         0x080056ed   Thumb Code     2  core_benchmark.o(i.core_timer_init_)
    core_timer_reset                         0x080056ef   Thumb Code    14  core_benchmark.o(i.core_timer_reset)
    core_timer_start                         0x080056fd   Thumb Code    20  core_benchmark.o(i.core_timer_start)
    core_timer_stop                          0x08005711   Thumb Code    26  core_benchmark.o(i.core_timer_stop)
    core_timer_ticks_                        0x0800572b   Thumb Code     4  core_benchmark.o(i.core_timer_ticks_)
    core_utils_compute_crc32                 0x08005731   Thumb Code    94  core_utils.o(i.core_utils_compute_crc32)
    core_utils_generate_network_signature    0x0800578f   Thumb Code    68  core_utils.o(i.core_utils_generate_network_signature)
    crcIpInit                                0x080057d5   Thumb Code    34  aitestutility.o(i.crcIpInit)
    disableInts                              0x08005b7d   Thumb Code     8  aitestutility.o(i.disableInts)
    dwtCyclesToFloatMs                       0x08005b85   Thumb Code    52  aitestutility.o(i.dwtCyclesToFloatMs)
    dwtGetCycles                             0x08005bbd   Thumb Code     6  aitestutility.o(i.dwtGetCycles)
    dwtIpInit                                0x08005bc9   Thumb Code    26  aitestutility.o(i.dwtIpInit)
    dwtReset                                 0x08005bf1   Thumb Code     8  aitestutility.o(i.dwtReset)
    forward_conv2d_nl_pool                   0x08005ea1   Thumb Code  1106  layers_conv2d_generic_float.o(i.forward_conv2d_nl_pool)
    forward_dense                            0x080062f9   Thumb Code   460  layers_conv2d_generic_float.o(i.forward_dense)
    forward_relu                             0x080064c9   Thumb Code   154  layers_nl_generic_float.o(i.forward_relu)
    forward_sm                               0x08006563   Thumb Code   108  layers_nl_generic_float.o(i.forward_sm)
    fputc                                    0x080065d1   Thumb Code    26  aitestutility.o(i.fputc)
    getFlashCacheConf                        0x080065f9   Thumb Code     6  aitestutility.o(i.getFlashCacheConf)
    ioDisableWrite                           0x08006681   Thumb Code     8  aitestutility.o(i.ioDisableWrite)
    ioFlushRead                              0x0800668d   Thumb Code    14  aitestutility.o(i.ioFlushRead)
    ioFlushWrite                             0x080066a5   Thumb Code    22  aitestutility.o(i.ioFlushWrite)
    logDeviceConf                            0x080066f1   Thumb Code   194  aitestutility.o(i.logDeviceConf)
    main                                     0x0800689d   Thumb Code    88  main.o(i.main)
    nl_func_relu_array_f32                   0x08006a1d   Thumb Code    58  layers_nl_generic_float.o(i.nl_func_relu_array_f32)
    nl_func_relu_generic_array_f32           0x08006a5d   Thumb Code   186  layers_nl_generic_float.o(i.nl_func_relu_generic_array_f32)
    nl_func_relu_thresholded_array_f32       0x08006b1d   Thumb Code    62  layers_nl_generic_float.o(i.nl_func_relu_thresholded_array_f32)
    nl_func_sm_array_f32                     0x08006b61   Thumb Code    76  layers_nl_generic_float.o(i.nl_func_sm_array_f32)
    nl_func_sm_channel_f32                   0x08006bad   Thumb Code   138  layers_nl_generic_float.o(i.nl_func_sm_channel_f32)
    pb_close_string_substream                0x08006d47   Thumb Code    34  pb_decode.o(i.pb_close_string_substream)
    pb_decode                                0x08007159   Thumb Code    30  pb_decode.o(i.pb_decode)
    pb_decode_delimited                      0x08007177   Thumb Code    48  pb_decode.o(i.pb_decode_delimited)
    pb_decode_fixed32                        0x080071a7   Thumb Code    32  pb_decode.o(i.pb_decode_fixed32)
    pb_decode_fixed64                        0x080071c7   Thumb Code    92  pb_decode.o(i.pb_decode_fixed64)
    pb_decode_noinit                         0x08007225   Thumb Code   484  pb_decode.o(i.pb_decode_noinit)
    pb_decode_svarint                        0x08007445   Thumb Code    58  pb_decode.o(i.pb_decode_svarint)
    pb_decode_tag                            0x0800747f   Thumb Code    56  pb_decode.o(i.pb_decode_tag)
    pb_decode_varint                         0x080074b9   Thumb Code    86  pb_decode.o(i.pb_decode_varint)
    pb_decode_varint32                       0x08007521   Thumb Code     6  pb_decode.o(i.pb_decode_varint32)
    pb_encode                                0x0800778d   Thumb Code   112  pb_encode.o(i.pb_encode)
    pb_encode_fixed32                        0x080077fd   Thumb Code    36  pb_encode.o(i.pb_encode_fixed32)
    pb_encode_fixed64                        0x08007821   Thumb Code    72  pb_encode.o(i.pb_encode_fixed64)
    pb_encode_string                         0x08007869   Thumb Code    34  pb_encode.o(i.pb_encode_string)
    pb_encode_submessage                     0x0800788d   Thumb Code   154  pb_encode.o(i.pb_encode_submessage)
    pb_encode_svarint                        0x08007949   Thumb Code    20  pb_encode.o(i.pb_encode_svarint)
    pb_encode_tag                            0x0800795d   Thumb Code    10  pb_encode.o(i.pb_encode_tag)
    pb_encode_tag_for_field                  0x08007969   Thumb Code    58  pb_encode.o(i.pb_encode_tag_for_field)
    pb_encode_varint                         0x080079b9   Thumb Code    74  pb_encode.o(i.pb_encode_varint)
    pb_field_iter_begin                      0x08007a03   Thumb Code    36  pb_common.o(i.pb_field_iter_begin)
    pb_field_iter_find                       0x08007a27   Thumb Code    46  pb_common.o(i.pb_field_iter_find)
    pb_field_iter_next                       0x08007a55   Thumb Code   132  pb_common.o(i.pb_field_iter_next)
    pb_istream_from_buffer                   0x08007b8d   Thumb Code    14  pb_decode.o(i.pb_istream_from_buffer)
    pb_istream_from_uart                     0x08007ba1   Thumb Code    18  aitestutility.o(i.pb_istream_from_uart)
    pb_make_string_substream                 0x08007bb9   Thumb Code    62  pb_decode.o(i.pb_make_string_substream)
    pb_ostream_to_uart                       0x08007c39   Thumb Code    34  aitestutility.o(i.pb_ostream_to_uart)
    pb_read                                  0x08007c61   Thumb Code    98  pb_decode.o(i.pb_read)
    pb_skip_field                            0x08007d31   Thumb Code   100  pb_decode.o(i.pb_skip_field)
    pb_write                                 0x08007da9   Thumb Code    58  pb_encode.o(i.pb_write)
    pool_func_mp_array_f32                   0x08007dfd   Thumb Code   424  layers_pool_generic_float.o(i.pool_func_mp_array_f32)
    restoreInts                              0x080080d9   Thumb Code     6  aitestutility.o(i.restoreInts)
    AHBPrescTable                            0x08063dac   Data          16  system_stm32f4xx.o(.constdata)
    APBPrescTable                            0x08063dbc   Data           8  system_stm32f4xx.o(.constdata)
    reqMsg_cmd_default                       0x08063e68   Data           1  stm32msg.pb.o(.constdata)
    aiBufferShapeMsg_format_default          0x08063e6c   Data           4  stm32msg.pb.o(.constdata)
    aiBufferShapeMsg_n_batches_default       0x08063e70   Data           4  stm32msg.pb.o(.constdata)
    aiBufferShapeMsg_height_default          0x08063e74   Data           4  stm32msg.pb.o(.constdata)
    aiBufferShapeMsg_width_default           0x08063e78   Data           4  stm32msg.pb.o(.constdata)
    aiBufferShapeMsg_channels_default        0x08063e7c   Data           4  stm32msg.pb.o(.constdata)
    aiBufferShapeMsg_scale_default           0x08063e80   Data           4  stm32msg.pb.o(.constdata)
    aiBufferShapeMsg_zeropoint_default       0x08063e84   Data           4  stm32msg.pb.o(.constdata)
    reqMsg_fields                            0x08063e88   Data          90  stm32msg.pb.o(.constdata)
    aiRunReportMsg_fields                    0x08063ee2   Data          90  stm32msg.pb.o(.constdata)
    aiBufferShapeMsg_fields                  0x08063f3c   Data         120  stm32msg.pb.o(.constdata)
    aiNetworkInfoMsg_fields                  0x08063fb4   Data         315  stm32msg.pb.o(.constdata)
    aiBufferByteMsg_fields                   0x080640ef   Data          45  stm32msg.pb.o(.constdata)
    syncMsg_fields                           0x0806411c   Data          45  stm32msg.pb.o(.constdata)
    sysinfoMsg_fields                        0x08064149   Data          75  stm32msg.pb.o(.constdata)
    ackMsg_fields                            0x08064194   Data          45  stm32msg.pb.o(.constdata)
    logMsg_fields                            0x080641c1   Data          45  stm32msg.pb.o(.constdata)
    nodeMsg_fields                           0x080641ee   Data          75  stm32msg.pb.o(.constdata)
    respMsg_fields                           0x08064239   Data         150  stm32msg.pb.o(.constdata)
    Region$$Table$$Base                      0x08064418   Number         0  anon$$obj.o(Region$$Table)
    Region$$Table$$Limit                     0x08064438   Number         0  anon$$obj.o(Region$$Table)
    hcrc                                     0x200008b0   Data           8  crc.o(.data)
    SystemCoreClock                          0x200008b8   Data           4  system_stm32f4xx.o(.data)
    uwTickFreq                               0x200008bc   Data           1  stm32f4xx_hal.o(.data)
    uwTickPrio                               0x200008c0   Data           4  stm32f4xx_hal.o(.data)
    uwTick                                   0x200008c4   Data           4  stm32f4xx_hal.o(.data)
    _ioWriteAllowed                          0x200008c8   Data           1  aitestutility.o(.data)
    __stdout                                 0x20000920   Data           4  stdout.o(.data)
    __microlib_freelist                      0x20000924   Data           4  mvars.o(.data)
    __microlib_freelist_initialised          0x20000928   Data           4  mvars.o(.data)
    huart1                                   0x200009d8   Data          64  usart.o(.bss)
    data_in_1                                0x20006dc8   Data        1080  aivalidation.o(.bss)
    data_out_1                               0x20007200   Data          24  aivalidation.o(.bss)
    __heap_base                              0x20007240   Data           0  startup_stm32f407xx.o(HEAP)
    __heap_limit                             0x20009240   Data           0  startup_stm32f407xx.o(HEAP)
    __initial_sp                             0x20009a40   Data           0  startup_stm32f407xx.o(STACK)



==============================================================================

Memory Map of the image

  Image Entry point : 0x08000189

  Load Region LR_IROM1 (Base: 0x08000000, Size: 0x00064d68, Max: 0x00100000, ABSOLUTE, COMPRESSED[0x00064718])

    Execution Region ER_IROM1 (Base: 0x08000000, Size: 0x00064438, Max: 0x00100000, ABSOLUTE)

    Base Addr    Size         Type   Attr      Idx    E Section Name        Object

    0x08000000   0x00000188   Data   RO            3    RESET               startup_stm32f407xx.o
    0x08000188   0x00000000   Code   RO         3989  * .ARM.Collect$$$$00000000  mc_w.l(entry.o)
    0x08000188   0x00000004   Code   RO         4345    .ARM.Collect$$$$00000001  mc_w.l(entry2.o)
    0x0800018c   0x00000004   Code   RO         4348    .ARM.Collect$$$$00000004  mc_w.l(entry5.o)
    0x08000190   0x00000000   Code   RO         4350    .ARM.Collect$$$$00000008  mc_w.l(entry7b.o)
    0x08000190   0x00000000   Code   RO         4352    .ARM.Collect$$$$0000000A  mc_w.l(entry8b.o)
    0x08000190   0x00000008   Code   RO         4353    .ARM.Collect$$$$0000000B  mc_w.l(entry9a.o)
    0x08000198   0x00000000   Code   RO         4355    .ARM.Collect$$$$0000000D  mc_w.l(entry10a.o)
    0x08000198   0x00000000   Code   RO         4357    .ARM.Collect$$$$0000000F  mc_w.l(entry11a.o)
    0x08000198   0x00000004   Code   RO         4346    .ARM.Collect$$$$00002712  mc_w.l(entry2.o)
    0x0800019c   0x00000024   Code   RO            4    .text               startup_stm32f407xx.o
    0x080001c0   0x00000062   Code   RO         3992    .text               mc_w.l(uldiv.o)
    0x08000222   0x0000001e   Code   RO         3994    .text               mc_w.l(llshl.o)
    0x08000240   0x00000024   Code   RO         3996    .text               mc_w.l(memcpya.o)
    0x08000264   0x00000024   Code   RO         3998    .text               mc_w.l(memseta.o)
    0x08000288   0x0000000e   Code   RO         4000    .text               mc_w.l(strlen.o)
    0x08000296   0x0000001a   Code   RO         4002    .text               mc_w.l(memcmp.o)
    0x080002b0   0x0000001e   Code   RO         4004    .text               mc_w.l(strncmp.o)
    0x080002ce   0x0000001c   Code   RO         4297    .text               mf_w.l(ffltul.o)
    0x080002ea   0x00000026   Code   RO         4299    .text               mf_w.l(f2d.o)
    0x08000310   0x0000002c   Code   RO         4360    .text               mc_w.l(uidiv.o)
    0x0800033c   0x00000020   Code   RO         4362    .text               mc_w.l(llushr.o)
    0x0800035c   0x00000000   Code   RO         4373    .text               mc_w.l(iusefp.o)
    0x0800035c   0x0000006e   Code   RO         4374    .text               mf_w.l(fepilogue.o)
    0x080003ca   0x0000014e   Code   RO         4380    .text               mf_w.l(dadd.o)
    0x08000518   0x000000e4   Code   RO         4382    .text               mf_w.l(dmul.o)
    0x080005fc   0x000000de   Code   RO         4384    .text               mf_w.l(ddiv.o)
    0x080006da   0x00000030   Code   RO         4386    .text               mf_w.l(dfixul.o)
    0x0800070a   0x00000002   PAD
    0x0800070c   0x00000030   Code   RO         4388    .text               mf_w.l(cdrcmple.o)
    0x0800073c   0x00000024   Code   RO         4392    .text               mc_w.l(init.o)
    0x08000760   0x00000024   Code   RO         4394    .text               mc_w.l(llsshr.o)
    0x08000784   0x000000ba   Code   RO         4396    .text               mf_w.l(depilogue.o)
    0x0800083e   0x00000056   Code   RO         4406    .text               mc_w.l(__dczerorl2.o)
    0x08000894   0x00000002   Code   RO          721    i.BusFault_Handler  stm32f4xx_it.o
    0x08000896   0x00000002   PAD
    0x08000898   0x00000038   Code   RO         3339    i.CRC_Lock          NetworkRuntime500_CM4_Keil.lib(ai_platform_interface.o)
    0x080008d0   0x00000002   Code   RO          722    i.DebugMon_Handler  stm32f4xx_it.o
    0x080008d2   0x00000002   Code   RO          308    i.Error_Handler     main.o
    0x080008d4   0x00000022   Code   RO          851    i.HAL_CRC_Init      stm32f4xx_hal_crc.o
    0x080008f6   0x00000002   PAD
    0x080008f8   0x00000028   Code   RO          488    i.HAL_CRC_MspInit   crc.o
    0x08000920   0x00000024   Code   RO         1370    i.HAL_DMA_Abort_IT  stm32f4xx_hal_dma.o
    0x08000944   0x00000024   Code   RO         1788    i.HAL_Delay         stm32f4xx_hal.o
    0x08000968   0x000001b8   Code   RO         1262    i.HAL_GPIO_Init     stm32f4xx_hal_gpio.o
    0x08000b20   0x0000000a   Code   RO         1266    i.HAL_GPIO_WritePin  stm32f4xx_hal_gpio.o
    0x08000b2a   0x00000002   PAD
    0x08000b2c   0x00000010   Code   RO         1791    i.HAL_GetDEVID      stm32f4xx_hal.o
    0x08000b3c   0x00000008   Code   RO         1792    i.HAL_GetHalVersion  stm32f4xx_hal.o
    0x08000b44   0x0000000c   Code   RO         1793    i.HAL_GetREVID      stm32f4xx_hal.o
    0x08000b50   0x0000000c   Code   RO         1794    i.HAL_GetTick       stm32f4xx_hal.o
    0x08000b5c   0x00000034   Code   RO         1801    i.HAL_Init          stm32f4xx_hal.o
    0x08000b90   0x00000040   Code   RO         1802    i.HAL_InitTick      stm32f4xx_hal.o
    0x08000bd0   0x00000030   Code   RO          785    i.HAL_MspInit       stm32f4xx_hal_msp.o
    0x08000c00   0x0000001a   Code   RO         1651    i.HAL_NVIC_EnableIRQ  stm32f4xx_hal_cortex.o
    0x08000c1a   0x00000002   PAD
    0x08000c1c   0x00000040   Code   RO         1657    i.HAL_NVIC_SetPriority  stm32f4xx_hal_cortex.o
    0x08000c5c   0x00000024   Code   RO         1658    i.HAL_NVIC_SetPriorityGrouping  stm32f4xx_hal_cortex.o
    0x08000c80   0x00000134   Code   RO          908    i.HAL_RCC_ClockConfig  stm32f4xx_hal_rcc.o
    0x08000db4   0x0000000c   Code   RO          913    i.HAL_RCC_GetHCLKFreq  stm32f4xx_hal_rcc.o
    0x08000dc0   0x00000020   Code   RO          915    i.HAL_RCC_GetPCLK1Freq  stm32f4xx_hal_rcc.o
    0x08000de0   0x00000020   Code   RO          916    i.HAL_RCC_GetPCLK2Freq  stm32f4xx_hal_rcc.o
    0x08000e00   0x00000060   Code   RO          917    i.HAL_RCC_GetSysClockFreq  stm32f4xx_hal_rcc.o
    0x08000e60   0x0000035c   Code   RO          920    i.HAL_RCC_OscConfig  stm32f4xx_hal_rcc.o
    0x080011bc   0x00000028   Code   RO         1662    i.HAL_SYSTICK_Config  stm32f4xx_hal_cortex.o
    0x080011e4   0x00000002   Code   RO         2096    i.HAL_UART_ErrorCallback  stm32f4xx_hal_uart.o
    0x080011e6   0x00000002   PAD
    0x080011e8   0x00000114   Code   RO         2099    i.HAL_UART_IRQHandler  stm32f4xx_hal_uart.o
    0x080012fc   0x00000062   Code   RO         2100    i.HAL_UART_Init     stm32f4xx_hal_uart.o
    0x0800135e   0x00000002   PAD
    0x08001360   0x0000007c   Code   RO          680    i.HAL_UART_MspInit  usart.o
    0x080013dc   0x000000be   Code   RO         2103    i.HAL_UART_Receive  stm32f4xx_hal_uart.o
    0x0800149a   0x00000002   Code   RO         2106    i.HAL_UART_RxCpltCallback  stm32f4xx_hal_uart.o
    0x0800149c   0x000000ba   Code   RO         2108    i.HAL_UART_Transmit  stm32f4xx_hal_uart.o
    0x08001556   0x00000002   Code   RO         2111    i.HAL_UART_TxCpltCallback  stm32f4xx_hal_uart.o
    0x08001558   0x00000024   Code   RO          489    i.MX_CRC_Init       crc.o
    0x0800157c   0x00000070   Code   RO          463    i.MX_GPIO_Init      gpio.o
    0x080015ec   0x0000003c   Code   RO          681    i.MX_USART1_UART_Init  usart.o
    0x08001628   0x00000004   Code   RO          529    i.MX_X_CUBE_AI_Init  app_x-cube-ai.o
    0x0800162c   0x00000004   Code   RO          530    i.MX_X_CUBE_AI_Process  app_x-cube-ai.o
    0x08001630   0x00000002   Code   RO          723    i.MemManage_Handler  stm32f4xx_it.o
    0x08001632   0x00000002   Code   RO          724    i.NMI_Handler       stm32f4xx_it.o
    0x08001634   0x00000002   Code   RO          725    i.SVC_Handler       stm32f4xx_it.o
    0x08001636   0x00000002   PAD
    0x08001638   0x00000084   Code   RO          309    i.SystemClock_Config  main.o
    0x080016bc   0x00000054   Code   RO          810    i.SystemInit        system_stm32f4xx.o
    0x08001710   0x00000010   Code   RO         2113    i.UART_DMAAbortOnError  stm32f4xx_hal_uart.o
    0x08001720   0x0000001c   Code   RO         2123    i.UART_EndRxTransfer  stm32f4xx_hal_uart.o
    0x0800173c   0x00000096   Code   RO         2125    i.UART_Receive_IT   stm32f4xx_hal_uart.o
    0x080017d2   0x00000002   PAD
    0x080017d4   0x00000128   Code   RO         2126    i.UART_SetConfig    stm32f4xx_hal_uart.o
    0x080018fc   0x00000062   Code   RO         2127    i.UART_Transmit_IT  stm32f4xx_hal_uart.o
    0x0800195e   0x00000064   Code   RO         2128    i.UART_WaitOnFlagUntilTimeout  stm32f4xx_hal_uart.o
    0x080019c2   0x00000002   PAD
    0x080019c4   0x0000000c   Code   RO          726    i.USART1_IRQHandler  stm32f4xx_it.o
    0x080019d0   0x00000002   Code   RO          727    i.UsageFault_Handler  stm32f4xx_it.o
    0x080019d2   0x00000002   PAD
    0x080019d4   0x00000020   Code   RO         4241    i.__0printf         mc_w.l(printfa.o)
    0x080019f4   0x00000026   Code   RO         4307    i.__ARM_fpclassifyf  m_wm.l(fpclassifyf.o)
    0x08001a1a   0x00000020   Code   RO         1664    i.__NVIC_SetPriority  stm32f4xx_hal_cortex.o
    0x08001a3a   0x00000002   PAD
    0x08001a3c   0x0000005c   Code   RO         4273    i.__free$realloc    mc_w.l(mallocr.o)
    0x08001a98   0x000001e8   Code   RO         3877    i.__hardfp_expf     m_wm.l(expf.o)
    0x08001c80   0x00000050   Code   RO         4274    i.__malloc$realloc  mc_w.l(mallocr.o)
    0x08001cd0   0x00000006   Code   RO         4310    i.__mathlib_flt_infnan  m_wm.l(funder.o)
    0x08001cd6   0x00000002   PAD
    0x08001cd8   0x00000010   Code   RO         4313    i.__mathlib_flt_overflow  m_wm.l(funder.o)
    0x08001ce8   0x00000010   Code   RO         4315    i.__mathlib_flt_underflow  m_wm.l(funder.o)
    0x08001cf8   0x0000000e   Code   RO         4400    i.__scatterload_copy  mc_w.l(handlers.o)
    0x08001d06   0x00000002   Code   RO         4401    i.__scatterload_null  mc_w.l(handlers.o)
    0x08001d08   0x0000000e   Code   RO         4402    i.__scatterload_zeroinit  mc_w.l(handlers.o)
    0x08001d16   0x00000002   PAD
    0x08001d18   0x0000000c   Code   RO         4368    i.__set_errno       mc_w.l(errno.o)
    0x08001d24   0x000000aa   Code   RO         3340    i._ai_platform_get_io_buffers_info  NetworkRuntime500_CM4_Keil.lib(ai_platform_interface.o)
    0x08001dce   0x0000000e   Code   RO         3696    i._check_array_flags_set  NetworkRuntime500_CM4_Keil.lib(core_net_inspect.o)
    0x08001ddc   0x00000374   Code   RO         3697    i._core_inspect_forward_validate  NetworkRuntime500_CM4_Keil.lib(core_net_inspect.o)
    0x08002150   0x000000f0   Code   RO         3698    i._core_inspect_net_activations  NetworkRuntime500_CM4_Keil.lib(core_net_inspect.o)
    0x08002240   0x00000052   Code   RO         3699    i._core_inspect_set_buffer  NetworkRuntime500_CM4_Keil.lib(core_net_inspect.o)
    0x08002292   0x00000012   Code   RO         3700    i._core_inspect_snapshot_callback  NetworkRuntime500_CM4_Keil.lib(core_net_inspect.o)
    0x080022a4   0x00000150   Code   RO         3701    i._core_inspect_snapshot_init_report_node  NetworkRuntime500_CM4_Keil.lib(core_net_inspect.o)
    0x080023f4   0x00000140   Code   RO         3702    i._core_inspect_snapshot_push  NetworkRuntime500_CM4_Keil.lib(core_net_inspect.o)
    0x08002534   0x0000005c   Code   RO         3703    i._core_inspect_tensor_list  NetworkRuntime500_CM4_Keil.lib(core_net_inspect.o)
    0x08002590   0x00000184   Code   RO         4248    i._fp_digits        mc_w.l(printfa.o)
    0x08002714   0x0000001c   Code   RO         3582    i._inspector_find_entry  NetworkRuntime500_CM4_Keil.lib(ai_network_inspector.o)
    0x08002730   0x0000003c   Code   RO         3583    i._inspector_unbind_network  NetworkRuntime500_CM4_Keil.lib(ai_network_inspector.o)
    0x0800276c   0x0000020e   Code   RO         3341    i._platform_network_io_bind  NetworkRuntime500_CM4_Keil.lib(ai_platform_interface.o)
    0x0800297a   0x00000038   Code   RO         3342    i._platform_network_state_setup  NetworkRuntime500_CM4_Keil.lib(ai_platform_interface.o)
    0x080029b2   0x00000068   Code   RO         3343    i._platform_network_state_update_input  NetworkRuntime500_CM4_Keil.lib(ai_platform_interface.o)
    0x08002a1a   0x00000080   Code   RO         3344    i._platform_network_state_update_output  NetworkRuntime500_CM4_Keil.lib(ai_platform_interface.o)
    0x08002a9a   0x00000002   PAD
    0x08002a9c   0x000006dc   Code   RO         4249    i._printf_core      mc_w.l(printfa.o)
    0x08003178   0x00000024   Code   RO         4250    i._printf_post_padding  mc_w.l(printfa.o)
    0x0800319c   0x0000002e   Code   RO         4251    i._printf_pre_padding  mc_w.l(printfa.o)
    0x080031ca   0x00000002   PAD
    0x080031cc   0x00000160   Code   RO         2766    i.aiBootstrap       aivalidation.o
    0x0800332c   0x0000000c   Code   RO         2555    i.aiBufferSize      aitestutility.o
    0x08003338   0x00000050   Code   RO         2768    i.aiExecCtx         aivalidation.o
    0x08003388   0x000000a4   Code   RO         2769    i.aiInit            aivalidation.o
    0x0800342c   0x00000084   Code   RO         2770    i.aiInspectorInitAndBind  aivalidation.o
    0x080034b0   0x00000074   Code   RO         2771    i.aiInspectorSendReport  aivalidation.o
    0x08003524   0x0000001c   Code   RO         2772    i.aiInspectorUnBind  aivalidation.o
    0x08003540   0x00000060   Code   RO         2556    i.aiLogErr          aitestutility.o
    0x080035a0   0x0000008e   Code   RO         2773    i.aiOnExecNode_cb   aivalidation.o
    0x0800362e   0x00000016   Code   RO         2401    i.aiPbAiBufferSize  aipbmgr.o
    0x08003644   0x0000009e   Code   RO         2402    i.aiPbBuffer_read_cb3  aipbmgr.o
    0x080036e2   0x00000042   Code   RO         2403    i.aiPbBuffer_write_cb3  aipbmgr.o
    0x08003724   0x00000034   Code   RO         2774    i.aiPbCmdNNInfo     aivalidation.o
    0x08003758   0x000001e4   Code   RO         2775    i.aiPbCmdNNRun      aivalidation.o
    0x0800393c   0x0000001c   Code   RO         2404    i.aiPbCmdSync       aipbmgr.o
    0x08003958   0x00000030   Code   RO         2405    i.aiPbCmdSysInfo    aipbmgr.o
    0x08003988   0x00000054   Code   RO         2406    i.aiPbMgrInit       aipbmgr.o
    0x080039dc   0x00000080   Code   RO         2407    i.aiPbMgrReceiveAiBuffer3  aipbmgr.o
    0x08003a5c   0x00000012   Code   RO         2408    i.aiPbMgrSendAck    aipbmgr.o
    0x08003a6e   0x00000002   PAD
    0x08003a70   0x00000084   Code   RO         2409    i.aiPbMgrSendAiBuffer3  aipbmgr.o
    0x08003af4   0x000000ec   Code   RO         2411    i.aiPbMgrSendNNInfo  aipbmgr.o
    0x08003be0   0x00000024   Code   RO         2412    i.aiPbMgrSendResp   aipbmgr.o
    0x08003c04   0x00000070   Code   RO         2413    i.aiPbMgrSetMetaInfo  aipbmgr.o
    0x08003c74   0x00000024   Code   RO         2414    i.aiPbMgrWaitAck    aipbmgr.o
    0x08003c98   0x00000078   Code   RO         2415    i.aiPbMgrWaitAndProcess  aipbmgr.o
    0x08003d10   0x00000048   Code   RO         2416    i.aiPbStrCopy       aipbmgr.o
    0x08003d58   0x00000012   Code   RO         2417    i.aiPbVersionToUint32  aipbmgr.o
    0x08003d6a   0x00000002   PAD
    0x08003d6c   0x00000180   Code   RO         2557    i.aiPrintLayoutBuffer  aitestutility.o
    0x08003eec   0x00000274   Code   RO         2558    i.aiPrintNetworkInfo  aitestutility.o
    0x08004160   0x0000006c   Code   RO         2559    i.aiTestHeader      aitestutility.o
    0x080041cc   0x00000038   Code   RO         2777    i.aiValidationInit  aivalidation.o
    0x08004204   0x00000154   Code   RO         2778    i.aiValidationProcess  aivalidation.o
    0x08004358   0x0000003e   Code   RO         3605    i.ai_array_get_byte_size  NetworkRuntime500_CM4_Keil.lib(ai_datatypes_format.o)
    0x08004396   0x00000002   PAD
    0x08004398   0x000000e8   Code   RO         3608    i.ai_array_to_buffer_fmt  NetworkRuntime500_CM4_Keil.lib(ai_datatypes_format.o)
    0x08004480   0x0000002c   Code   RO         3668    i.ai_check_custom_types  NetworkRuntime500_CM4_Keil.lib(layers.o)
    0x080044ac   0x00000120   Code   RO         3381    i.ai_conv2d_kernel_depthwise_f32  NetworkRuntime500_CM4_Keil.lib(layers_conv2d_generic_float.o)
    0x080045cc   0x000000b2   Code   RO         3382    i.ai_conv2d_kernel_f32  NetworkRuntime500_CM4_Keil.lib(layers_conv2d_generic_float.o)
    0x0800467e   0x00000002   PAD
    0x08004680   0x00000164   Code   RO         3383    i.ai_conv2d_kernel_group_f32  NetworkRuntime500_CM4_Keil.lib(layers_conv2d_generic_float.o)
    0x080047e4   0x000000fc   Code   RO         3384    i.ai_conv2d_kernel_simple_f32  NetworkRuntime500_CM4_Keil.lib(layers_conv2d_generic_float.o)
    0x080048e0   0x0000008c   Code   RO         3385    i.ai_conv2d_stripe_f32  NetworkRuntime500_CM4_Keil.lib(layers_conv2d_generic_float.o)
    0x0800496c   0x0000012c   Code   RO         3386    i.ai_dict4_dot_array_f32  NetworkRuntime500_CM4_Keil.lib(layers_conv2d_generic_float.o)
    0x08004a98   0x000000e8   Code   RO         3387    i.ai_dict8_dot_array_f32  NetworkRuntime500_CM4_Keil.lib(layers_conv2d_generic_float.o)
    0x08004b80   0x0000007a   Code   RO         3388    i.ai_dict_decompress_f32  NetworkRuntime500_CM4_Keil.lib(layers_conv2d_generic_float.o)
    0x08004bfa   0x00000012   Code   RO         3669    i.ai_forward_layer  NetworkRuntime500_CM4_Keil.lib(layers.o)
    0x08004c0c   0x00000074   Code   RO         3584    i.ai_inspector_bind_network  NetworkRuntime500_CM4_Keil.lib(ai_network_inspector.o)
    0x08004c80   0x00000064   Code   RO         3585    i.ai_inspector_create  NetworkRuntime500_CM4_Keil.lib(ai_network_inspector.o)
    0x08004ce4   0x00000014   Code   RO         3586    i.ai_inspector_default_config  NetworkRuntime500_CM4_Keil.lib(ai_network_inspector.o)
    0x08004cf8   0x0000002e   Code   RO         3587    i.ai_inspector_destroy  NetworkRuntime500_CM4_Keil.lib(ai_network_inspector.o)
    0x08004d26   0x0000002a   Code   RO         3588    i.ai_inspector_get_report  NetworkRuntime500_CM4_Keil.lib(ai_network_inspector.o)
    0x08004d50   0x0000002c   Code   RO         3590    i.ai_inspector_unbind_network  NetworkRuntime500_CM4_Keil.lib(ai_network_inspector.o)
    0x08004d7c   0x00000032   Code   RO         3670    i.ai_layer_type_is_valid  NetworkRuntime500_CM4_Keil.lib(layers.o)
    0x08004dae   0x00000002   PAD
    0x08004db0   0x0000018c   Code   RO         3671    i.ai_layer_type_name  NetworkRuntime500_CM4_Keil.lib(layers.o)
    0x08004f3c   0x00000018   Code   RO         3672    i.ai_layers_forward_all  NetworkRuntime500_CM4_Keil.lib(layers.o)
    0x08004f54   0x0000005c   Code   RO          531    i.ai_mnetwork_create  app_x-cube-ai.o
    0x08004fb0   0x00000030   Code   RO          532    i.ai_mnetwork_destroy  app_x-cube-ai.o
    0x08004fe0   0x0000001c   Code   RO          533    i.ai_mnetwork_find  app_x-cube-ai.o
    0x08004ffc   0x00000028   Code   RO          535    i.ai_mnetwork_get_error  app_x-cube-ai.o
    0x08005024   0x00000026   Code   RO          536    i.ai_mnetwork_get_ext_data_activations  app_x-cube-ai.o
    0x0800504a   0x0000001c   Code   RO          537    i.ai_mnetwork_get_info  app_x-cube-ai.o
    0x08005066   0x0000002a   Code   RO          538    i.ai_mnetwork_get_private_handle  app_x-cube-ai.o
    0x08005090   0x0000001c   Code   RO          539    i.ai_mnetwork_handle  app_x-cube-ai.o
    0x080050ac   0x0000005a   Code   RO          540    i.ai_mnetwork_init  app_x-cube-ai.o
    0x08005106   0x00000034   Code   RO          541    i.ai_mnetwork_is_valid  app_x-cube-ai.o
    0x0800513a   0x00000022   Code   RO          542    i.ai_mnetwork_run   app_x-cube-ai.o
    0x0800515c   0x00000018   Code   RO           10    i.ai_network_create  network.o
    0x08005174   0x00000008   Code   RO          286    i.ai_network_data_weights_get  network_data.o
    0x0800517c   0x00000004   Code   RO           11    i.ai_network_destroy  network.o
    0x08005180   0x00000006   Code   RO           12    i.ai_network_forward  network.o
    0x08005186   0x00000004   Code   RO           13    i.ai_network_get_error  network.o
    0x0800518a   0x00000002   PAD
    0x0800518c   0x00000058   Code   RO           14    i.ai_network_get_info  network.o
    0x080051e4   0x00000022   Code   RO           15    i.ai_network_init   network.o
    0x08005206   0x00000002   PAD
    0x08005208   0x00000070   Code   RO         3704    i.ai_network_inspect_destroy  NetworkRuntime500_CM4_Keil.lib(core_net_inspect.o)
    0x08005278   0x00000028   Code   RO         3705    i.ai_network_inspect_get_report  NetworkRuntime500_CM4_Keil.lib(core_net_inspect.o)
    0x080052a0   0x0000008c   Code   RO         3706    i.ai_network_inspect_init  NetworkRuntime500_CM4_Keil.lib(core_net_inspect.o)
    0x0800532c   0x00000004   Code   RO           16    i.ai_network_run    network.o
    0x08005330   0x000000bc   Code   RO         3345    i.ai_platform_api_get_network_report  NetworkRuntime500_CM4_Keil.lib(ai_platform_interface.o)
    0x080053ec   0x00000014   Code   RO         3346    i.ai_platform_api_get_version  NetworkRuntime500_CM4_Keil.lib(ai_platform_interface.o)
    0x08005400   0x0000001c   Code   RO         3347    i.ai_platform_context_acquire  NetworkRuntime500_CM4_Keil.lib(ai_platform_interface.o)
    0x0800541c   0x0000000c   Code   RO         3348    i.ai_platform_context_release  NetworkRuntime500_CM4_Keil.lib(ai_platform_interface.o)
    0x08005428   0x00000014   Code   RO         3349    i.ai_platform_interface_api_get_version  NetworkRuntime500_CM4_Keil.lib(ai_platform_interface.o)
    0x0800543c   0x00000070   Code   RO         3350    i.ai_platform_network_create  NetworkRuntime500_CM4_Keil.lib(ai_platform_interface.o)
    0x080054ac   0x00000012   Code   RO         3351    i.ai_platform_network_destroy  NetworkRuntime500_CM4_Keil.lib(ai_platform_interface.o)
    0x080054be   0x00000002   PAD
    0x080054c0   0x0000001c   Code   RO         3352    i.ai_platform_network_get_error  NetworkRuntime500_CM4_Keil.lib(ai_platform_interface.o)
    0x080054dc   0x0000007e   Code   RO         3353    i.ai_platform_network_init  NetworkRuntime500_CM4_Keil.lib(ai_platform_interface.o)
    0x0800555a   0x00000056   Code   RO         3354    i.ai_platform_network_process  NetworkRuntime500_CM4_Keil.lib(ai_platform_interface.o)
    0x080055b0   0x0000000c   Code   RO         3355    i.ai_platform_network_set_error  NetworkRuntime500_CM4_Keil.lib(ai_platform_interface.o)
    0x080055bc   0x00000010   Code   RO         3356    i.ai_platform_runtime_get_revision  NetworkRuntime500_CM4_Keil.lib(ai_platform_interface.o)
    0x080055cc   0x00000014   Code   RO         3357    i.ai_platform_runtime_get_version  NetworkRuntime500_CM4_Keil.lib(ai_platform_interface.o)
    0x080055e0   0x0000001a   Code   RO         3420    i.ai_shape_get_size  NetworkRuntime500_CM4_Keil.lib(layers_nl_generic_float.o)
    0x080055fa   0x0000001c   Code   RO         2936    i.buf_read          pb_decode.o
    0x08005616   0x0000000c   Code   RO         3680    i.core_get_error    NetworkRuntime500_CM4_Keil.lib(core_common.o)
    0x08005622   0x00000004   Code   RO         3681    i.core_init         NetworkRuntime500_CM4_Keil.lib(core_common.o)
    0x08005626   0x00000016   Code   RO         3686    i.core_mem_alloc    NetworkRuntime500_CM4_Keil.lib(core_mem_manager.o)
    0x0800563c   0x0000000a   Code   RO         3687    i.core_mem_free     NetworkRuntime500_CM4_Keil.lib(core_mem_manager.o)
    0x08005646   0x0000001a   Code   RO         3688    i.core_mem_free_    NetworkRuntime500_CM4_Keil.lib(core_mem_manager.o)
    0x08005660   0x00000012   Code   RO         3690    i.core_mem_unmarshal_  NetworkRuntime500_CM4_Keil.lib(core_mem_manager.o)
    0x08005672   0x0000000e   Code   RO         3390    i.core_nl_get_params_byte_size  NetworkRuntime500_CM4_Keil.lib(layers_conv2d_generic_float.o)
    0x08005680   0x00000012   Code   RO         3391    i.core_nl_get_params_ptr  NetworkRuntime500_CM4_Keil.lib(layers_conv2d_generic_float.o)
    0x08005692   0x0000000a   Code   RO         3392    i.core_nl_get_params_stride  NetworkRuntime500_CM4_Keil.lib(layers_conv2d_generic_float.o)
    0x0800569c   0x0000001a   Code   RO         3682    i.core_set_error    NetworkRuntime500_CM4_Keil.lib(core_common.o)
    0x080056b6   0x00000002   PAD
    0x080056b8   0x00000034   Code   RO         3745    i.core_timer_init   NetworkRuntime500_CM4_Keil.lib(core_benchmark.o)
    0x080056ec   0x00000002   Code   RO         3746    i.core_timer_init_  NetworkRuntime500_CM4_Keil.lib(core_benchmark.o)
    0x080056ee   0x0000000e   Code   RO         3748    i.core_timer_reset  NetworkRuntime500_CM4_Keil.lib(core_benchmark.o)
    0x080056fc   0x00000014   Code   RO         3749    i.core_timer_start  NetworkRuntime500_CM4_Keil.lib(core_benchmark.o)
    0x08005710   0x0000001a   Code   RO         3750    i.core_timer_stop   NetworkRuntime500_CM4_Keil.lib(core_benchmark.o)
    0x0800572a   0x00000004   Code   RO         3751    i.core_timer_ticks_  NetworkRuntime500_CM4_Keil.lib(core_benchmark.o)
    0x0800572e   0x00000002   PAD
    0x08005730   0x0000005e   Code   RO         3731    i.core_utils_compute_crc32  NetworkRuntime500_CM4_Keil.lib(core_utils.o)
    0x0800578e   0x00000044   Code   RO         3732    i.core_utils_generate_network_signature  NetworkRuntime500_CM4_Keil.lib(core_utils.o)
    0x080057d2   0x00000002   PAD
    0x080057d4   0x0000004c   Code   RO         2560    i.crcIpInit         aitestutility.o
    0x08005820   0x000000a4   Code   RO         2937    i.decode_callback_field  pb_decode.o
    0x080058c4   0x00000058   Code   RO         2938    i.decode_field      pb_decode.o
    0x0800591c   0x00000134   Code   RO         2939    i.decode_static_field  pb_decode.o
    0x08005a50   0x0000012c   Code   RO         2561    i.devIdToStr        aitestutility.o
    0x08005b7c   0x00000008   Code   RO         2562    i.disableInts       aitestutility.o
    0x08005b84   0x00000038   Code   RO         2563    i.dwtCyclesToFloatMs  aitestutility.o
    0x08005bbc   0x0000000c   Code   RO         2565    i.dwtGetCycles      aitestutility.o
    0x08005bc8   0x00000028   Code   RO         2566    i.dwtIpInit         aitestutility.o
    0x08005bf0   0x0000000c   Code   RO         2567    i.dwtReset          aitestutility.o
    0x08005bfc   0x00000134   Code   RO         3141    i.encode_array      pb_encode.o
    0x08005d30   0x00000104   Code   RO         3142    i.encode_basic_field  pb_encode.o
    0x08005e34   0x0000006c   Code   RO         3143    i.encode_field      pb_encode.o
    0x08005ea0   0x00000458   Code   RO         3394    i.forward_conv2d_nl_pool  NetworkRuntime500_CM4_Keil.lib(layers_conv2d_generic_float.o)
    0x080062f8   0x000001d0   Code   RO         3395    i.forward_dense     NetworkRuntime500_CM4_Keil.lib(layers_conv2d_generic_float.o)
    0x080064c8   0x0000009a   Code   RO         3442    i.forward_relu      NetworkRuntime500_CM4_Keil.lib(layers_nl_generic_float.o)
    0x08006562   0x0000006c   Code   RO         3451    i.forward_sm        NetworkRuntime500_CM4_Keil.lib(layers_nl_generic_float.o)
    0x080065ce   0x00000002   PAD
    0x080065d0   0x00000024   Code   RO         2568    i.fputc             aitestutility.o
    0x080065f4   0x00000002   Code   RO         3398    i.func_dummy        NetworkRuntime500_CM4_Keil.lib(layers_conv2d_generic_float.o)
    0x080065f6   0x00000002   PAD
    0x080065f8   0x0000000c   Code   RO         2569    i.getFlashCacheConf  aitestutility.o
    0x08006604   0x0000002a   Code   RO         2418    i.init_aibuffer_msg  aipbmgr.o
    0x0800662e   0x00000002   PAD
    0x08006630   0x00000050   Code   RO         4275    i.internal_alloc    mc_w.l(mallocr.o)
    0x08006680   0x0000000c   Code   RO         2570    i.ioDisableWrite    aitestutility.o
    0x0800668c   0x00000018   Code   RO         2571    i.ioFlushRead       aitestutility.o
    0x080066a4   0x0000001c   Code   RO         2572    i.ioFlushWrite      aitestutility.o
    0x080066c0   0x0000002e   Code   RO         2940    i.iter_from_extension  pb_decode.o
    0x080066ee   0x00000002   PAD
    0x080066f0   0x000001ac   Code   RO         2573    i.logDeviceConf     aitestutility.o
    0x0800689c   0x00000070   Code   RO          312    i.main              main.o
    0x0800690c   0x00000058   Code   RO           17    i.network_configure_activations  network.o
    0x08006964   0x000000b8   Code   RO           18    i.network_configure_weights  network.o
    0x08006a1c   0x00000040   Code   RO         3478    i.nl_func_relu_array_f32  NetworkRuntime500_CM4_Keil.lib(layers_nl_generic_float.o)
    0x08006a5c   0x000000c0   Code   RO         3479    i.nl_func_relu_generic_array_f32  NetworkRuntime500_CM4_Keil.lib(layers_nl_generic_float.o)
    0x08006b1c   0x00000044   Code   RO         3480    i.nl_func_relu_thresholded_array_f32  NetworkRuntime500_CM4_Keil.lib(layers_nl_generic_float.o)
    0x08006b60   0x0000004c   Code   RO         3488    i.nl_func_sm_array_f32  NetworkRuntime500_CM4_Keil.lib(layers_nl_generic_float.o)
    0x08006bac   0x00000090   Code   RO         3489    i.nl_func_sm_channel_f32  NetworkRuntime500_CM4_Keil.lib(layers_nl_generic_float.o)
    0x08006c3c   0x00000010   Code   RO         2419    i.nn_inputs_w_cb    aipbmgr.o
    0x08006c4c   0x00000010   Code   RO         2420    i.nn_outputs_w_cb   aipbmgr.o
    0x08006c5c   0x0000004c   Code   RO         2421    i.nn_shape_w_cb     aipbmgr.o
    0x08006ca8   0x0000009e   Code   RO         3144    i.pb_check_proto3_default_value  pb_encode.o
    0x08006d46   0x00000022   Code   RO         2941    i.pb_close_string_substream  pb_decode.o
    0x08006d68   0x00000090   Code   RO         2942    i.pb_dec_bytes      pb_decode.o
    0x08006df8   0x00000006   Code   RO         2943    i.pb_dec_fixed32    pb_decode.o
    0x08006dfe   0x00000006   Code   RO         2944    i.pb_dec_fixed64    pb_decode.o
    0x08006e04   0x00000088   Code   RO         2945    i.pb_dec_fixed_length_bytes  pb_decode.o
    0x08006e8c   0x0000008c   Code   RO         2946    i.pb_dec_string     pb_decode.o
    0x08006f18   0x00000078   Code   RO         2947    i.pb_dec_submessage  pb_decode.o
    0x08006f90   0x00000098   Code   RO         2948    i.pb_dec_svarint    pb_decode.o
    0x08007028   0x00000098   Code   RO         2949    i.pb_dec_uvarint    pb_decode.o
    0x080070c0   0x00000098   Code   RO         2950    i.pb_dec_varint     pb_decode.o
    0x08007158   0x0000001e   Code   RO         2951    i.pb_decode         pb_decode.o
    0x08007176   0x00000030   Code   RO         2952    i.pb_decode_delimited  pb_decode.o
    0x080071a6   0x00000020   Code   RO         2954    i.pb_decode_fixed32  pb_decode.o
    0x080071c6   0x0000005c   Code   RO         2955    i.pb_decode_fixed64  pb_decode.o
    0x08007222   0x00000002   PAD
    0x08007224   0x00000220   Code   RO         2956    i.pb_decode_noinit  pb_decode.o
    0x08007444   0x0000003a   Code   RO         2958    i.pb_decode_svarint  pb_decode.o
    0x0800747e   0x00000038   Code   RO         2959    i.pb_decode_tag     pb_decode.o
    0x080074b6   0x00000002   PAD
    0x080074b8   0x00000068   Code   RO         2960    i.pb_decode_varint  pb_decode.o
    0x08007520   0x00000006   Code   RO         2961    i.pb_decode_varint32  pb_decode.o
    0x08007526   0x00000002   PAD
    0x08007528   0x0000009c   Code   RO         2962    i.pb_decode_varint32_eof  pb_decode.o
    0x080075c4   0x00000048   Code   RO         3145    i.pb_enc_bytes      pb_encode.o
    0x0800760c   0x00000006   Code   RO         3146    i.pb_enc_fixed32    pb_encode.o
    0x08007612   0x00000006   Code   RO         3147    i.pb_enc_fixed64    pb_encode.o
    0x08007618   0x0000000c   Code   RO         3148    i.pb_enc_fixed_length_bytes  pb_encode.o
    0x08007624   0x00000038   Code   RO         3149    i.pb_enc_string     pb_encode.o
    0x0800765c   0x00000034   Code   RO         3150    i.pb_enc_submessage  pb_encode.o
    0x08007690   0x00000054   Code   RO         3151    i.pb_enc_svarint    pb_encode.o
    0x080076e4   0x00000054   Code   RO         3152    i.pb_enc_uvarint    pb_encode.o
    0x08007738   0x00000054   Code   RO         3153    i.pb_enc_varint     pb_encode.o
    0x0800778c   0x00000070   Code   RO         3154    i.pb_encode         pb_encode.o
    0x080077fc   0x00000024   Code   RO         3156    i.pb_encode_fixed32  pb_encode.o
    0x08007820   0x00000048   Code   RO         3157    i.pb_encode_fixed64  pb_encode.o
    0x08007868   0x00000022   Code   RO         3159    i.pb_encode_string  pb_encode.o
    0x0800788a   0x00000002   PAD
    0x0800788c   0x000000bc   Code   RO         3160    i.pb_encode_submessage  pb_encode.o
    0x08007948   0x00000014   Code   RO         3161    i.pb_encode_svarint  pb_encode.o
    0x0800795c   0x0000000a   Code   RO         3162    i.pb_encode_tag     pb_encode.o
    0x08007966   0x00000002   PAD
    0x08007968   0x00000050   Code   RO         3163    i.pb_encode_tag_for_field  pb_encode.o
    0x080079b8   0x0000004a   Code   RO         3164    i.pb_encode_varint  pb_encode.o
    0x08007a02   0x00000024   Code   RO         2909    i.pb_field_iter_begin  pb_common.o
    0x08007a26   0x0000002e   Code   RO         2910    i.pb_field_iter_find  pb_common.o
    0x08007a54   0x00000084   Code   RO         2911    i.pb_field_iter_next  pb_common.o
    0x08007ad8   0x000000b2   Code   RO         2963    i.pb_field_set_to_default  pb_decode.o
    0x08007b8a   0x00000002   PAD
    0x08007b8c   0x00000014   Code   RO         2964    i.pb_istream_from_buffer  pb_decode.o
    0x08007ba0   0x00000018   Code   RO         2574    i.pb_istream_from_uart  aitestutility.o
    0x08007bb8   0x00000058   Code   RO         2965    i.pb_make_string_substream  pb_decode.o
    0x08007c10   0x00000026   Code   RO         2966    i.pb_message_set_to_defaults  pb_decode.o
    0x08007c36   0x00000002   PAD
    0x08007c38   0x00000028   Code   RO         2575    i.pb_ostream_to_uart  aitestutility.o
    0x08007c60   0x00000084   Code   RO         2967    i.pb_read           pb_decode.o
    0x08007ce4   0x0000004c   Code   RO         2968    i.pb_readbyte       pb_decode.o
    0x08007d30   0x00000078   Code   RO         2969    i.pb_skip_field     pb_decode.o
    0x08007da8   0x00000054   Code   RO         3167    i.pb_write          pb_encode.o
    0x08007dfc   0x000001ac   Code   RO         3574    i.pool_func_mp_array_f32  NetworkRuntime500_CM4_Keil.lib(layers_pool_generic_float.o)
    0x08007fa8   0x00000084   Code   RO         2576    i.read_callback     aitestutility.o
    0x0800802c   0x0000002c   Code   RO         2577    i.read_packet       aitestutility.o
    0x08008058   0x00000080   Code   RO         2970    i.read_raw_value    pb_decode.o
    0x080080d8   0x00000006   Code   RO         2578    i.restoreInts       aitestutility.o
    0x080080de   0x000000ba   Code   RO         3733    i.serialize_signature_buffer_  NetworkRuntime500_CM4_Keil.lib(core_utils.o)
    0x08008198   0x0000004c   Code   RO         2580    i.write_callback    aitestutility.o
    0x080081e4   0x00000024   Code   RO         2581    i.write_packet      aitestutility.o
    0x08008208   0x00000008   Data   RO           25    .constdata          network.o
    0x08008210   0x00000008   Data   RO           26    .constdata          network.o
    0x08008218   0x00000008   Data   RO           27    .constdata          network.o
    0x08008220   0x00000008   Data   RO           28    .constdata          network.o
    0x08008228   0x00000008   Data   RO           29    .constdata          network.o
    0x08008230   0x00000008   Data   RO           30    .constdata          network.o
    0x08008238   0x00000008   Data   RO           31    .constdata          network.o
    0x08008240   0x00000074   Data   RO           32    .constdata          network.o
    0x080082b4   0x0005ba98   Data   RO          287    .constdata          network_data.o
    0x08063d4c   0x00000060   Data   RO          544    .constdata          app_x-cube-ai.o
    0x08063dac   0x00000010   Data   RO          811    .constdata          system_stm32f4xx.o
    0x08063dbc   0x00000008   Data   RO          812    .constdata          system_stm32f4xx.o
    0x08063dc4   0x00000024   Data   RO         2583    .constdata          aitestutility.o
    0x08063de8   0x00000030   Data   RO         2782    .constdata          aivalidation.o
    0x08063e18   0x00000028   Data   RO         2971    .constdata          pb_decode.o
    0x08063e40   0x00000028   Data   RO         3168    .constdata          pb_encode.o
    0x08063e68   0x00000001   Data   RO         3309    .constdata          stm32msg.pb.o
    0x08063e69   0x00000003   PAD
    0x08063e6c   0x00000004   Data   RO         3310    .constdata          stm32msg.pb.o
    0x08063e70   0x00000004   Data   RO         3311    .constdata          stm32msg.pb.o
    0x08063e74   0x00000004   Data   RO         3312    .constdata          stm32msg.pb.o
    0x08063e78   0x00000004   Data   RO         3313    .constdata          stm32msg.pb.o
    0x08063e7c   0x00000004   Data   RO         3314    .constdata          stm32msg.pb.o
    0x08063e80   0x00000004   Data   RO         3315    .constdata          stm32msg.pb.o
    0x08063e84   0x00000004   Data   RO         3316    .constdata          stm32msg.pb.o
    0x08063e88   0x0000005a   Data   RO         3317    .constdata          stm32msg.pb.o
    0x08063ee2   0x0000005a   Data   RO         3318    .constdata          stm32msg.pb.o
    0x08063f3c   0x00000078   Data   RO         3319    .constdata          stm32msg.pb.o
    0x08063fb4   0x0000013b   Data   RO         3320    .constdata          stm32msg.pb.o
    0x080640ef   0x0000002d   Data   RO         3321    .constdata          stm32msg.pb.o
    0x0806411c   0x0000002d   Data   RO         3322    .constdata          stm32msg.pb.o
    0x08064149   0x0000004b   Data   RO         3323    .constdata          stm32msg.pb.o
    0x08064194   0x0000002d   Data   RO         3324    .constdata          stm32msg.pb.o
    0x080641c1   0x0000002d   Data   RO         3325    .constdata          stm32msg.pb.o
    0x080641ee   0x0000004b   Data   RO         3326    .constdata          stm32msg.pb.o
    0x08064239   0x00000096   Data   RO         3327    .constdata          stm32msg.pb.o
    0x080642cf   0x00000001   PAD
    0x080642d0   0x00000020   Data   RO         3358    .constdata          NetworkRuntime500_CM4_Keil.lib(ai_platform_interface.o)
    0x080642f0   0x00000030   Data   RO         3880    .constdata          m_wm.l(expf.o)
    0x08064320   0x0000006c   Data   RO           33    .conststring        network.o
    0x0806438c   0x00000044   Data   RO         2584    .conststring        aitestutility.o
    0x080643d0   0x00000046   Data   RO         2783    .conststring        aivalidation.o
    0x08064416   0x00000002   PAD
    0x08064418   0x00000020   Data   RO         4398    Region$$Table       anon$$obj.o


    Execution Region RW_IRAM1 (Base: 0x20000000, Size: 0x00009a40, Max: 0x00020000, ABSOLUTE, COMPRESSED[0x000002e0])

    Base Addr    Size         Type   Attr      Idx    E Section Name        Object

    0x20000000   0x00000010   Data   RW           34    .data               network.o
    0x20000010   0x00000010   Data   RW           35    .data               network.o
    0x20000020   0x00000010   Data   RW           36    .data               network.o
    0x20000030   0x00000010   Data   RW           37    .data               network.o
    0x20000040   0x00000010   Data   RW           38    .data               network.o
    0x20000050   0x00000010   Data   RW           39    .data               network.o
    0x20000060   0x00000010   Data   RW           40    .data               network.o
    0x20000070   0x00000010   Data   RW           41    .data               network.o
    0x20000080   0x00000010   Data   RW           42    .data               network.o
    0x20000090   0x00000010   Data   RW           43    .data               network.o
    0x200000a0   0x00000010   Data   RW           44    .data               network.o
    0x200000b0   0x00000010   Data   RW           45    .data               network.o
    0x200000c0   0x00000010   Data   RW           46    .data               network.o
    0x200000d0   0x00000010   Data   RW           47    .data               network.o
    0x200000e0   0x00000010   Data   RW           48    .data               network.o
    0x200000f0   0x00000010   Data   RW           49    .data               network.o
    0x20000100   0x00000010   Data   RW           50    .data               network.o
    0x20000110   0x00000010   Data   RW           51    .data               network.o
    0x20000120   0x00000010   Data   RW           52    .data               network.o
    0x20000130   0x00000010   Data   RW           53    .data               network.o
    0x20000140   0x00000010   Data   RW           54    .data               network.o
    0x20000150   0x00000010   Data   RW           55    .data               network.o
    0x20000160   0x00000010   Data   RW           56    .data               network.o
    0x20000170   0x00000010   Data   RW           57    .data               network.o
    0x20000180   0x00000010   Data   RW           58    .data               network.o
    0x20000190   0x00000010   Data   RW           59    .data               network.o
    0x200001a0   0x00000010   Data   RW           60    .data               network.o
    0x200001b0   0x00000010   Data   RW           61    .data               network.o
    0x200001c0   0x00000010   Data   RW           62    .data               network.o
    0x200001d0   0x00000010   Data   RW           63    .data               network.o
    0x200001e0   0x00000010   Data   RW           64    .data               network.o
    0x200001f0   0x00000010   Data   RW           65    .data               network.o
    0x20000200   0x00000010   Data   RW           66    .data               network.o
    0x20000210   0x00000010   Data   RW           67    .data               network.o
    0x20000220   0x00000010   Data   RW           68    .data               network.o
    0x20000230   0x00000010   Data   RW           69    .data               network.o
    0x20000240   0x00000004   Data   RW           70    .data               network.o
    0x20000244   0x00000004   Data   RW           71    .data               network.o
    0x20000248   0x0000000c   Data   RW           72    .data               network.o
    0x20000254   0x00000004   Data   RW           73    .data               network.o
    0x20000258   0x00000030   Data   RW           74    .data               network.o
    0x20000288   0x00000004   Data   RW           75    .data               network.o
    0x2000028c   0x00000004   Data   RW           76    .data               network.o
    0x20000290   0x00000008   Data   RW           77    .data               network.o
    0x20000298   0x00000004   Data   RW           78    .data               network.o
    0x2000029c   0x00000030   Data   RW           79    .data               network.o
    0x200002cc   0x00000004   Data   RW           80    .data               network.o
    0x200002d0   0x00000004   Data   RW           81    .data               network.o
    0x200002d4   0x00000004   Data   RW           82    .data               network.o
    0x200002d8   0x00000004   Data   RW           83    .data               network.o
    0x200002dc   0x00000030   Data   RW           84    .data               network.o
    0x2000030c   0x00000004   Data   RW           85    .data               network.o
    0x20000310   0x00000004   Data   RW           86    .data               network.o
    0x20000314   0x00000008   Data   RW           87    .data               network.o
    0x2000031c   0x00000004   Data   RW           88    .data               network.o
    0x20000320   0x00000030   Data   RW           89    .data               network.o
    0x20000350   0x00000004   Data   RW           90    .data               network.o
    0x20000354   0x00000004   Data   RW           91    .data               network.o
    0x20000358   0x00000004   Data   RW           92    .data               network.o
    0x2000035c   0x00000004   Data   RW           93    .data               network.o
    0x20000360   0x00000030   Data   RW           94    .data               network.o
    0x20000390   0x00000004   Data   RW           95    .data               network.o
    0x20000394   0x00000004   Data   RW           96    .data               network.o
    0x20000398   0x00000008   Data   RW           97    .data               network.o
    0x200003a0   0x00000004   Data   RW           98    .data               network.o
    0x200003a4   0x00000030   Data   RW           99    .data               network.o
    0x200003d4   0x00000004   Data   RW          100    .data               network.o
    0x200003d8   0x00000004   Data   RW          101    .data               network.o
    0x200003dc   0x00000004   Data   RW          102    .data               network.o
    0x200003e0   0x00000004   Data   RW          103    .data               network.o
    0x200003e4   0x00000030   Data   RW          104    .data               network.o
    0x20000414   0x00000004   Data   RW          105    .data               network.o
    0x20000418   0x00000008   Data   RW          106    .data               network.o
    0x20000420   0x0000000c   Data   RW          107    .data               network.o
    0x2000042c   0x00000004   Data   RW          108    .data               network.o
    0x20000430   0x00000008   Data   RW          109    .data               network.o
    0x20000438   0x0000000c   Data   RW          110    .data               network.o
    0x20000444   0x00000018   Data   RW          111    .data               network.o
    0x2000045c   0x00000168   Data   RW          112    .data               network.o
    0x200005c4   0x0000001c   Data   RW          113    .data               network.o
    0x200005e0   0x0000001c   Data   RW          114    .data               network.o
    0x200005fc   0x0000001c   Data   RW          115    .data               network.o
    0x20000618   0x0000001c   Data   RW          116    .data               network.o
    0x20000634   0x0000001c   Data   RW          117    .data               network.o
    0x20000650   0x0000001c   Data   RW          118    .data               network.o
    0x2000066c   0x0000001c   Data   RW          119    .data               network.o
    0x20000688   0x0000001c   Data   RW          120    .data               network.o
    0x200006a4   0x0000001c   Data   RW          121    .data               network.o
    0x200006c0   0x0000001c   Data   RW          122    .data               network.o
    0x200006dc   0x0000001c   Data   RW          123    .data               network.o
    0x200006f8   0x0000001c   Data   RW          124    .data               network.o
    0x20000714   0x0000001c   Data   RW          125    .data               network.o
    0x20000730   0x0000001c   Data   RW          126    .data               network.o
    0x2000074c   0x0000001c   Data   RW          127    .data               network.o
    0x20000768   0x0000001c   Data   RW          128    .data               network.o
    0x20000784   0x0000001c   Data   RW          129    .data               network.o
    0x200007a0   0x0000001c   Data   RW          130    .data               network.o
    0x200007bc   0x00000058   Data   RW          131    .data               network.o
    0x20000814   0x00000018   Data   RW          132    .data               network.o
    0x2000082c   0x0000001c   Data   RW          133    .data               network.o
    0x20000848   0x00000018   Data   RW          134    .data               network.o
    0x20000860   0x0000001c   Data   RW          135    .data               network.o
    0x2000087c   0x00000018   Data   RW          136    .data               network.o
    0x20000894   0x0000001c   Data   RW          137    .data               network.o
    0x200008b0   0x00000008   Data   RW          490    .data               crc.o
    0x200008b8   0x00000004   Data   RW          813    .data               system_stm32f4xx.o
    0x200008bc   0x0000000c   Data   RW         1808    .data               stm32f4xx_hal.o
    0x200008c8   0x0000000c   Data   RW         2585    .data               aitestutility.o
    0x200008d4   0x00000044   Data   RW         2784    .data               aivalidation.o
    0x20000918   0x00000004   Data   RW         3707    .data               NetworkRuntime500_CM4_Keil.lib(core_net_inspect.o)
    0x2000091c   0x00000001   Data   RW         3752    .data               NetworkRuntime500_CM4_Keil.lib(core_benchmark.o)
    0x2000091d   0x00000003   PAD
    0x20000920   0x00000004   Data   RW         4359    .data               mc_w.l(stdout.o)
    0x20000924   0x00000004   Data   RW         4364    .data               mc_w.l(mvars.o)
    0x20000928   0x00000004   Data   RW         4365    .data               mc_w.l(mvars.o)
    0x2000092c   0x00000004   Data   RW         4369    .data               mc_w.l(errno.o)
    0x20000930   0x00000010   Zero   RW           19    .bss                network.o
    0x20000940   0x00000010   Zero   RW           20    .bss                network.o
    0x20000950   0x00000018   Zero   RW           21    .bss                network.o
    0x20000968   0x00000010   Zero   RW           22    .bss                network.o
    0x20000978   0x00000018   Zero   RW           23    .bss                network.o
    0x20000990   0x00000010   Zero   RW           24    .bss                network.o
    0x200009a0   0x00000038   Zero   RW          543    .bss                app_x-cube-ai.o
    0x200009d8   0x00000040   Zero   RW          682    .bss                usart.o
    0x20000a18   0x00000274   Zero   RW         2422    .bss                aipbmgr.o
    0x20000c8c   0x00000042   Zero   RW         2582    .bss                aitestutility.o
    0x20000cce   0x00000002   PAD
    0x20000cd0   0x000060f8   Zero   RW         2779    .bss                aivalidation.o
    0x20006dc8   0x00000438   Zero   RW         2780    .bss                aivalidation.o
    0x20007200   0x00000018   Zero   RW         2781    .bss                aivalidation.o
    0x20007218   0x00000024   Zero   RW         3591    .bss                NetworkRuntime500_CM4_Keil.lib(ai_network_inspector.o)
    0x2000723c   0x00000004   PAD
    0x20007240   0x00002000   Zero   RW            2    HEAP                startup_stm32f407xx.o
    0x20009240   0x00000800   Zero   RW            1    STACK               startup_stm32f407xx.o


==============================================================================

Image component sizes


      Code (inc. data)   RO Data    RW Data    ZI Data      Debug   Object Name

      1464         86          0          0        628      36154   aipbmgr.o
      2630       1260        104         12         66      35568   aitestutility.o
      1946        508        118         68      25928      40808   aivalidation.o
       528         18         96          0         56       9885   app_x-cube-ai.o
        76         18          0          8          0       1475   crc.o
       112         10          0          0          0        887   gpio.o
       246         32          0          0          0     654392   main.o
       436         40        280       2224        112      49566   network.o
         8          4     375448          0          0       8802   network_data.o
       214          0          0          0          0       3288   pb_common.o
      3582        644         40          0          0      39939   pb_decode.o
      2000        318         40          0          0      29510   pb_encode.o
        36          8        392          0      10240        836   startup_stm32f407xx.o
       200         38          0         12          0      10505   stm32f4xx_hal.o
       198         14          0          0          0      33935   stm32f4xx_hal_cortex.o
        34          0          0          0          0       1043   stm32f4xx_hal_crc.o
        36          0          0          0          0       1211   stm32f4xx_hal_dma.o
       450         46          0          0          0       2396   stm32f4xx_hal_gpio.o
        48          6          0          0          0        826   stm32f4xx_hal_msp.o
      1340         84          0          0          0       5700   stm32f4xx_hal_rcc.o
      1444         16          0          0          0      10654   stm32f4xx_hal_uart.o
        24          6          0          0          0       3171   stm32f4xx_it.o
         0          0       1124          0          0      10441   stm32msg.pb.o
        84         18         24          4          0       1155   system_stm32f4xx.o
       184         28          0          0         64       1682   usart.o

    ----------------------------------------------------------------------
     17368       3202     377704       2328      37096     993829   Object Totals
         0          0         32          0          0          0   (incl. Generated)
        48          0          6          0          2          0   (incl. Padding)

    ----------------------------------------------------------------------

      Code (inc. data)   RO Data    RW Data    ZI Data      Debug   Library Member Name

       294         34          0          0          0        244   ai_datatypes_format.o
       456          4          0          0         36       1032   ai_network_inspector.o
      1726         78         32          0          0       2412   ai_platform_interface.o
       118         10          0          1          0        724   core_benchmark.o
        42          0          0          0          0        348   core_common.o
        76          0          0          0          0        480   core_mem_manager.o
      2278         44          0          4          0       1480   core_net_inspect.o
       348          0          0          0          0        392   core_utils.o
       532        296          0          0          0        612   layers.o
      3488         38          0          0          0       1876   layers_conv2d_generic_float.o
       832         24          0          0          0       1048   layers_nl_generic_float.o
       428          4          0          0          0        148   layers_pool_generic_float.o
       488         62         48          0          0        236   expf.o
        38          0          0          0          0        116   fpclassifyf.o
        38         12          0          0          0        348   funder.o
        86          0          0          0          0          0   __dczerorl2.o
         0          0          0          0          0          0   entry.o
         0          0          0          0          0          0   entry10a.o
         0          0          0          0          0          0   entry11a.o
         8          4          0          0          0          0   entry2.o
         4          0          0          0          0          0   entry5.o
         0          0          0          0          0          0   entry7b.o
         0          0          0          0          0          0   entry8b.o
         8          4          0          0          0          0   entry9a.o
        12          6          0          4          0         68   errno.o
        30          0          0          0          0          0   handlers.o
        36          8          0          0          0         68   init.o
         0          0          0          0          0          0   iusefp.o
        30          0          0          0          0         68   llshl.o
        36          0          0          0          0         68   llsshr.o
        32          0          0          0          0         68   llushr.o
       252         24          0          0          0        252   mallocr.o
        26          0          0          0          0         80   memcmp.o
        36          0          0          0          0         68   memcpya.o
        36          0          0          0          0        108   memseta.o
         0          0          0          8          0          0   mvars.o
      2258         90          0          0          0        452   printfa.o
         0          0          0          4          0          0   stdout.o
        14          0          0          0          0         68   strlen.o
        30          0          0          0          0         80   strncmp.o
        44          0          0          0          0         80   uidiv.o
        98          0          0          0          0         92   uldiv.o
        48          0          0          0          0         68   cdrcmple.o
       334          0          0          0          0        148   dadd.o
       222          0          0          0          0        100   ddiv.o
       186          0          0          0          0        176   depilogue.o
        48          0          0          0          0         68   dfixul.o
       228          0          0          0          0         96   dmul.o
        38          0          0          0          0         68   f2d.o
       110          0          0          0          0        168   fepilogue.o
        28          0          0          0          0         84   ffltul.o

    ----------------------------------------------------------------------
     15528        742         80         24         40      14092   Library Totals
        28          0          0          3          4          0   (incl. Padding)

    ----------------------------------------------------------------------

      Code (inc. data)   RO Data    RW Data    ZI Data      Debug   Library Name

     10618        532         32          5         36      10796   NetworkRuntime500_CM4_Keil.lib
       564         74         48          0          0        700   m_wm.l
      3076        136          0         16          0       1620   mc_w.l
      1242          0          0          0          0        976   mf_w.l

    ----------------------------------------------------------------------
     15528        742         80         24         40      14092   Library Totals

    ----------------------------------------------------------------------

==============================================================================


      Code (inc. data)   RO Data    RW Data    ZI Data      Debug   

     32896       3944     377784       2352      37136     980453   Grand Totals
     32896       3944     377784        736      37136     980453   ELF Image Totals (compressed)
     32896       3944     377784        736          0          0   ROM Totals

==============================================================================

    Total RO  Size (Code + RO Data)               410680 ( 401.05kB)
    Total RW  Size (RW Data + ZI Data)             39488 (  38.56kB)
    Total ROM Size (Code + RO Data + RW Data)     411416 ( 401.77kB)

==============================================================================

